12:04:14:331       -------------------------------------------------------------------
12:04:14:332                        STM32CubeProgrammer v2.19.0                  
12:04:14:332       -------------------------------------------------------------------

12:04:14:332 

12:04:14:332 Log output file:   LOCAL_USER_HOME\Desktop\hardware_acceptance_g0_20260818\internal-flash-before.log
12:04:14:333 Command line:  -c port=SWD mode=ur -u 0x08000000 0x200000 "LOCAL_USER_HOME\Desktop\hardware_acceptance_g0_20260818\internal-flash-before.bin" -log "LOCAL_USER_HOME\Desktop\hardware_acceptance_g0_20260818\internal-flash-before.log"
12:04:14:333 
12:04:14:365 ST-LINK SN  : DEVICE_SERIAL_REDACTED__
12:04:14:365 ST-LINK FW  : V2J46S7
12:04:14:365 Board       : --
12:04:14:366 Voltage     : 3.23V
12:04:14:379 SWD freq    : 4000 KHz
12:04:14:379 Connect mode: Under Reset
12:04:14:379 Reset mode  : Hardware reset
12:04:14:381 Device ID   : 0x450
12:04:14:383 Revision ID : Rev V
12:04:14:392 Buffer program...
12:04:14:393 w ap 0 @0x580244F4 : 0x00000004 bytes, Data 0x00000002...
12:04:14:393 Reading data...
12:04:14:393 r ap 0 @0x58000528 0x00000004 bytes Data 0x00000001
12:04:14:393 Buffer program...
12:04:14:394 w ap 0 @0x580244F4 : 0x00000004 bytes, Data 0x00000002...
12:04:14:394 Reading data...
12:04:14:395 r ap 0 @0x58000528 0x00000004 bytes Data 0x00000001
12:04:14:396 Buffer program...
12:04:14:396 w ap 0 @0x580244F4 : 0x00000004 bytes, Data 0x00000002...
12:04:14:396 Reading data...
12:04:14:396 r ap 0 @0x58000528 0x00000004 bytes Data 0x00000001
12:04:14:396 Buffer program...
12:04:14:397 w ap 0 @0x580244F4 : 0x00000004 bytes, Data 0x00000002...
12:04:14:397 Reading data...
12:04:14:397 r ap 0 @0x58000528 0x00000004 bytes Data 0x00000001
12:04:14:398 Reading data...
12:04:14:398 r ap 0 @0x1FF1E880 0x00000004 bytes Data 0x00000800
12:04:14:398 Database: Config 3 is active.
12:04:14:399 flash loader C:/ST/STM32CubeCLT_1.18.0/STM32CubeProgrammer/bin/FlashLoader/0x450.stldr is loaded
12:04:14:401 Buffer program...
12:04:14:402 w ap 0 @0x580244F4 : 0x00000004 bytes, Data 0x00000002...
12:04:14:402 Reading data...
12:04:14:402 r ap 0 @0x58000528 0x00000004 bytes Data 0x00000001
12:04:14:402 Buffer program...
12:04:14:403 w ap 0 @0x580244F4 : 0x00000004 bytes, Data 0x00000002...
12:04:14:403 Reading data...
12:04:14:404 r ap 0 @0x58000528 0x00000004 bytes Data 0x00000001
12:04:14:405 Buffer program...
12:04:14:405 w ap 0 @0x580244F4 : 0x00000004 bytes, Data 0x00000002...
12:04:14:405 Reading data...
12:04:14:406 r ap 0 @0x58000528 0x00000004 bytes Data 0x00000001
12:04:14:406 Buffer program...
12:04:14:407 w ap 0 @0x580244F4 : 0x00000004 bytes, Data 0x00000002...
12:04:14:407 Reading data...
12:04:14:407 r ap 0 @0x58000528 0x00000004 bytes Data 0x00000001
12:04:14:408 Reading data...
12:04:14:409 r ap 0 @0x1FF1E880 0x00000004 bytes Data 0x00000800
12:04:14:409 Database: Config 3 is active.
12:04:14:410 Device name : STM32H7xx
12:04:14:410 Reading data...
12:04:14:410 r ap 0 @0x1FF1E880 0x00000004 bytes Data 0x00000800
12:04:14:410 Flash size  : 2 MBytes
12:04:14:410 Device type : MCU
12:04:14:410 Device CPU  : Cortex-M7
12:04:14:411 BL Version  : 0x92
12:04:14:413 
12:04:14:413 Reading data...
12:04:14:414 r ap 0 @0x1FF095F0 0x00000004 bytes Data 0x00030100
12:04:14:414 Reading data...
12:04:14:414 r ap 0 @0x1FF095F0 0x00000004 bytes Data 0x00030100
12:04:14:417 
UPLOADING ...
12:04:14:417   File          : LOCAL_USER_HOME\Desktop\hardware_acceptance_g0_20260818\internal-flash-before.bin
12:04:14:417   Size          : 2097152 Bytes
12:04:14:417   Address:      : 0x8000000
12:04:14:417 Read progress:
12:04:14:417 Reading data...
12:04:30:127 r ap 0 @0x08000000 0x00200000 bytes Data 0x24080000
12:04:30:500 
Data read successfully
12:04:30:503 Time elapsed during read operation is: 00:00:16.083
12:04:30:506 Disconnected
