
 \ | /
- RT -     Thread Operating System
 / | \     5.3.0 build Aug  6 2026 17:03:47
 2006 - 2024 Copyright by RT-Thread team
P11,BOOT,HIL_ONLY,OK,0,0,0
P11,BOOT,JEDEC,OK,ef4017,40000000,Aug  6 2026 17:03:11
P11,QSPI,ERASE,READY,0000f000,4096,0
P11,QSPI,CYCLE,OK,1,29058c73,74acc073
P11,QSPI,GUARD,REJECT,00010000,32,0
P11,QSPI,GUARD,REJECT,00210000,4096,0
P11,QSPI,COMPLETE,OK,1,0,0
msh >
 \ | /
- RT -     Thread Operating System
 / | \     5.3.0 build Aug  6 2026 17:03:47
 2006 - 2024 Copyright by RT-Thread team
P11,BOOT,HIL_ONLY,OK,0,0,0
P11,BOOT,JEDEC,OK,ef4017,40000000,Aug  6 2026 17:03:11
P11,QSPI,ERASE,READY,0000f000,4096,0
P11,QSPI,CYCLE,OK,1,29058c73,74acc073
P11,QSPI,GUARD,REJECT,00010000,32,0
P11,QSPI,GUARD,REJECT,00210000,4096,0
P11,QSPI,COMPLETE,OK,1,0,0
msh >
 \ | /
- RT -     Thread Operating System
 / | \     5.3.0 build Aug  6 2026 17:03:47
 2006 - 2024 Copyright by RT-Thread team
P11,BOOT,HIL_ONLY,OK,0,0,0
P11,BOOT,JEDEC,OK,ef4017,40000000,Aug  6 2026 17:03:11
P11,QSPI,ERASE,READY,0000f000,4096,0
P11,QSPI,CYCLE,OK,1,29058c73,74acc073
P11,QSPI,GUARD,REJECT,00010000,32,0
P11,QSPI,GUARD,REJECT,00210000,4096,0
P11,QSPI,COMPLETE,OK,1,0,0
msh >
 \ | /
- RT -     Thread Operating System
 / | \     5.3.0 build Aug  6 2026 17:03:47
 2006 - 2024 Copyright by RT-Thread team
P11,BOOT,HIL_ONLY,OK,0,0,0
P11,BOOT,JEDEC,OK,ef4017,40000000,Aug  6 2026 17:03:11
P11,QSPI,ERASE,READY,0000f000,4096,0
P11,QSPI,CYCLE,OK,1,29058c73,74acc073
P11,QSPI,GUARD,REJECT,00010000,32,0
P11,QSPI,GUARD,REJECT,00210000,4096,0
P11,QSPI,COMPLETE,OK,1,0,0
msh >
 \ | /
- RT -     Thread Operating System
 / | \     5.3.0 build Aug  6 2026 17:03:47
 2006 - 2024 Copyright by RT-Thread team
P11,BOOT,HIL_ONLY,OK,0,0,0
P11,BOOT,JEDEC,OK,ef4017,40000000,Aug  6 2026 17:03:11
P11,QSPI,ERASE,READY,0000f000,4096,0
P11,QSPI,CYCLE,OK,1,29058c73,74acc073
P11,QSPI,GUARD,REJECT,00010000,32,0
P11,QSPI,GUARD,REJECT,00210000,4096,0
P11,QSPI,COMPLETE,OK,1,0,0
msh >
 \ | /
- RT -     Thread Operating System
 / | \     5.3.0 build Aug  6 2026 17:03:47
 2006 - 2024 Copyright by RT-Thread team
P11,BOOT,HIL_ONLY,OK,0,0,0
P11,BOOT,JEDEC,OK,ef4017,40000000,Aug  6 2026 17:03:11
P11,QSPI,ERASE,READY,0000f000,4096,0
P11,QSPI,CYCLE,OK,1,29058c73,74acc073
P11,QSPI,GUARD,REJECT,00010000,32,0
P11,QSPI,GUARD,REJECT,00210000,4096,0
P11,QSPI,COMPLETE,OK,1,0,0
msh >
 \ | /
- RT -     Thread Operating System
 / | \     5.3.0 build Aug  6 2026 17:03:47
 2006 - 2024 Copyright by RT-Thread team
P11,BOOT,HIL_ONLY,OK,0,0,0
P11,BOOT,JEDEC,OK,ef4017,40000000,Aug  6 2026 17:03:11
P11,QSPI,ERASE,READY,0000f000,4096,0
P11,QSPI,CYCLE,OK,1,29058c73,74acc073
P11,QSPI,GUARD,REJECT,00010000,32,0
P11,QSPI,GUARD,REJECT,00210000,4096,0
P11,QSPI,COMPLETE,OK,1,0,0
msh >
 \ | /
- RT -     Thread Operating System
 / | \     5.3.0 build Aug  6 2026 17:03:47
 2006 - 2024 Copyright by RT-Thread team
P11,BOOT,HIL_ONLY,OK,0,0,0
P11,BOOT,JEDEC,OK,ef4017,40000000,Aug  6 2026 17:03:11
P11,QSPI,ERASE,READY,0000f000,4096,0
P11,QSPI,CYCLE,OK,1,29058c73,74acc073
P11,QSPI,GUARD,REJECT,00010000,32,0
P11,QSPI,GUARD,REJECT,00210000,4096,0
P11,QSPI,COMPLETE,OK,1,0,0
msh >
 \ | /
- RT -     Thread Operating System
 / | \     5.3.0 build Aug  6 2026 17:03:47
 2006 - 2024 Copyright by RT-Thread team
P11,BOOT,HIL_ONLY,OK,0,0,0
P11,BOOT,JEDEC,OK,ef4017,40000000,Aug  6 2026 17:03:11
P11,QSPI,ERASE,READY,0000f000,4096,0
P11,QSPI,CYCLE,OK,1,29058c73,74acc073
P11,QSPI,GUARD,REJECT,00010000,32,0
P11,QSPI,GUARD,REJECT,00210000,4096,0
P11,QSPI,COMPLETE,OK,1,0,0
msh >
 \ | /
- RT -     Thread Operating System
 / | \     5.3.0 build Aug  6 2026 17:03:47
 2006 - 2024 Copyright by RT-Thread team
P11,BOOT,HIL_ONLY,OK,0,0,0
P11,BOOT,JEDEC,OK,ef4017,40000000,Aug  6 2026 17:03:11
P11,QSPI,ERASE,READY,0000f000,4096,0
P11,QSPI,CYCLE,OK,1,29058c73,74acc073
P11,QSPI,GUARD,REJECT,00010000,32,0
P11,QSPI,GUARD,REJECT,00210000,4096,0
P11,QSPI,COMPLETE,OK,1,0,0
msh >
