reset=1
      -------------------------------------------------------------------
                       STM32CubeProgrammer v2.19.0
      -------------------------------------------------------------------

ST-LINK SN  : DEVICE_SERIAL_REDACTED__
ST-LINK FW  : V2J46S7
Board       : --
Voltage     : 3.24V
SWD freq    : 4000 KHz
Connect mode: Hot Plug
Reset mode  : Software reset
Device ID   : 0x450
Revision ID : Rev V
Device name : STM32H7xx
Flash size  : 2 MBytes
Device type : MCU
Device CPU  : Cortex-M7
BL Version  : 0x92


MCU Reset

Software reset is performed
reset=2
      -------------------------------------------------------------------
                       STM32CubeProgrammer v2.19.0
      -------------------------------------------------------------------

ST-LINK SN  : DEVICE_SERIAL_REDACTED__
ST-LINK FW  : V2J46S7
Board       : --
Voltage     : 3.24V
SWD freq    : 4000 KHz
Connect mode: Hot Plug
Reset mode  : Software reset
Device ID   : 0x450
Revision ID : Rev V
Device name : STM32H7xx
Flash size  : 2 MBytes
Device type : MCU
Device CPU  : Cortex-M7
BL Version  : 0x92


MCU Reset

Software reset is performed
reset=3
      -------------------------------------------------------------------
                       STM32CubeProgrammer v2.19.0
      -------------------------------------------------------------------

ST-LINK SN  : DEVICE_SERIAL_REDACTED__
ST-LINK FW  : V2J46S7
Board       : --
Voltage     : 3.24V
SWD freq    : 4000 KHz
Connect mode: Hot Plug
Reset mode  : Software reset
Device ID   : 0x450
Revision ID : Rev V
Device name : STM32H7xx
Flash size  : 2 MBytes
Device type : MCU
Device CPU  : Cortex-M7
BL Version  : 0x92


MCU Reset

Software reset is performed
reset=4
      -------------------------------------------------------------------
                       STM32CubeProgrammer v2.19.0
      -------------------------------------------------------------------

ST-LINK SN  : DEVICE_SERIAL_REDACTED__
ST-LINK FW  : V2J46S7
Board       : --
Voltage     : 3.24V
SWD freq    : 4000 KHz
Connect mode: Hot Plug
Reset mode  : Software reset
Device ID   : 0x450
Revision ID : Rev V
Device name : STM32H7xx
Flash size  : 2 MBytes
Device type : MCU
Device CPU  : Cortex-M7
BL Version  : 0x92


MCU Reset

Software reset is performed
reset=5
      -------------------------------------------------------------------
                       STM32CubeProgrammer v2.19.0
      -------------------------------------------------------------------

ST-LINK SN  : DEVICE_SERIAL_REDACTED__
ST-LINK FW  : V2J46S7
Board       : --
Voltage     : 3.24V
SWD freq    : 4000 KHz
Connect mode: Hot Plug
Reset mode  : Software reset
Device ID   : 0x450
Revision ID : Rev V
Device name : STM32H7xx
Flash size  : 2 MBytes
Device type : MCU
Device CPU  : Cortex-M7
BL Version  : 0x92


MCU Reset

Software reset is performed
reset=6
      -------------------------------------------------------------------
                       STM32CubeProgrammer v2.19.0
      -------------------------------------------------------------------

ST-LINK SN  : DEVICE_SERIAL_REDACTED__
ST-LINK FW  : V2J46S7
Board       : --
Voltage     : 3.24V
SWD freq    : 4000 KHz
Connect mode: Hot Plug
Reset mode  : Software reset
Device ID   : 0x450
Revision ID : Rev V
Device name : STM32H7xx
Flash size  : 2 MBytes
Device type : MCU
Device CPU  : Cortex-M7
BL Version  : 0x92


MCU Reset

Software reset is performed
reset=7
      -------------------------------------------------------------------
                       STM32CubeProgrammer v2.19.0
      -------------------------------------------------------------------

ST-LINK SN  : DEVICE_SERIAL_REDACTED__
ST-LINK FW  : V2J46S7
Board       : --
Voltage     : 3.24V
SWD freq    : 4000 KHz
Connect mode: Hot Plug
Reset mode  : Software reset
Device ID   : 0x450
Revision ID : Rev V
Device name : STM32H7xx
Flash size  : 2 MBytes
Device type : MCU
Device CPU  : Cortex-M7
BL Version  : 0x92


MCU Reset

Software reset is performed
reset=8
      -------------------------------------------------------------------
                       STM32CubeProgrammer v2.19.0
      -------------------------------------------------------------------

ST-LINK SN  : DEVICE_SERIAL_REDACTED__
ST-LINK FW  : V2J46S7
Board       : --
Voltage     : 3.24V
SWD freq    : 4000 KHz
Connect mode: Hot Plug
Reset mode  : Software reset
Device ID   : 0x450
Revision ID : Rev V
Device name : STM32H7xx
Flash size  : 2 MBytes
Device type : MCU
Device CPU  : Cortex-M7
BL Version  : 0x92


MCU Reset

Software reset is performed
reset=9
      -------------------------------------------------------------------
                       STM32CubeProgrammer v2.19.0
      -------------------------------------------------------------------

ST-LINK SN  : DEVICE_SERIAL_REDACTED__
ST-LINK FW  : V2J46S7
Board       : --
Voltage     : 3.24V
SWD freq    : 4000 KHz
Connect mode: Hot Plug
Reset mode  : Software reset
Device ID   : 0x450
Revision ID : Rev V
Device name : STM32H7xx
Flash size  : 2 MBytes
Device type : MCU
Device CPU  : Cortex-M7
BL Version  : 0x92


MCU Reset

Software reset is performed
reset=10
      -------------------------------------------------------------------
                       STM32CubeProgrammer v2.19.0
      -------------------------------------------------------------------

ST-LINK SN  : DEVICE_SERIAL_REDACTED__
ST-LINK FW  : V2J46S7
Board       : --
Voltage     : 3.24V
SWD freq    : 4000 KHz
Connect mode: Hot Plug
Reset mode  : Software reset
Device ID   : 0x450
Revision ID : Rev V
Device name : STM32H7xx
Flash size  : 2 MBytes
Device type : MCU
Device CPU  : Cortex-M7
BL Version  : 0x92


MCU Reset

Software reset is performed
reset=11
      -------------------------------------------------------------------
                       STM32CubeProgrammer v2.19.0
      -------------------------------------------------------------------

ST-LINK SN  : DEVICE_SERIAL_REDACTED__
ST-LINK FW  : V2J46S7
Board       : --
Voltage     : 3.24V
SWD freq    : 4000 KHz
Connect mode: Hot Plug
Reset mode  : Software reset
Device ID   : 0x450
Revision ID : Rev V
Device name : STM32H7xx
Flash size  : 2 MBytes
Device type : MCU
Device CPU  : Cortex-M7
BL Version  : 0x92


MCU Reset

Software reset is performed
reset=12
      -------------------------------------------------------------------
                       STM32CubeProgrammer v2.19.0
      -------------------------------------------------------------------

ST-LINK SN  : DEVICE_SERIAL_REDACTED__
ST-LINK FW  : V2J46S7
Board       : --
Voltage     : 3.24V
SWD freq    : 4000 KHz
Connect mode: Hot Plug
Reset mode  : Software reset
Device ID   : 0x450
Revision ID : Rev V
Device name : STM32H7xx
Flash size  : 2 MBytes
Device type : MCU
Device CPU  : Cortex-M7
BL Version  : 0x92


MCU Reset

Software reset is performed
reset=13
      -------------------------------------------------------------------
                       STM32CubeProgrammer v2.19.0
      -------------------------------------------------------------------

ST-LINK SN  : DEVICE_SERIAL_REDACTED__
ST-LINK FW  : V2J46S7
Board       : --
Voltage     : 3.24V
SWD freq    : 4000 KHz
Connect mode: Hot Plug
Reset mode  : Software reset
Device ID   : 0x450
Revision ID : Rev V
Device name : STM32H7xx
Flash size  : 2 MBytes
Device type : MCU
Device CPU  : Cortex-M7
BL Version  : 0x92


MCU Reset

Software reset is performed
reset=14
      -------------------------------------------------------------------
                       STM32CubeProgrammer v2.19.0
      -------------------------------------------------------------------

ST-LINK SN  : DEVICE_SERIAL_REDACTED__
ST-LINK FW  : V2J46S7
Board       : --
Voltage     : 3.24V
SWD freq    : 4000 KHz
Connect mode: Hot Plug
Reset mode  : Software reset
Device ID   : 0x450
Revision ID : Rev V
Device name : STM32H7xx
Flash size  : 2 MBytes
Device type : MCU
Device CPU  : Cortex-M7
BL Version  : 0x92


MCU Reset

Software reset is performed
reset=15
      -------------------------------------------------------------------
                       STM32CubeProgrammer v2.19.0
      -------------------------------------------------------------------

ST-LINK SN  : DEVICE_SERIAL_REDACTED__
ST-LINK FW  : V2J46S7
Board       : --
Voltage     : 3.24V
SWD freq    : 4000 KHz
Connect mode: Hot Plug
Reset mode  : Software reset
Device ID   : 0x450
Revision ID : Rev V
Device name : STM32H7xx
Flash size  : 2 MBytes
Device type : MCU
Device CPU  : Cortex-M7
BL Version  : 0x92


MCU Reset

Software reset is performed
reset=16
      -------------------------------------------------------------------
                       STM32CubeProgrammer v2.19.0
      -------------------------------------------------------------------

ST-LINK SN  : DEVICE_SERIAL_REDACTED__
ST-LINK FW  : V2J46S7
Board       : --
Voltage     : 3.24V
SWD freq    : 4000 KHz
Connect mode: Hot Plug
Reset mode  : Software reset
Device ID   : 0x450
Revision ID : Rev V
Device name : STM32H7xx
Flash size  : 2 MBytes
Device type : MCU
Device CPU  : Cortex-M7
BL Version  : 0x92


MCU Reset

Software reset is performed
reset=17
      -------------------------------------------------------------------
                       STM32CubeProgrammer v2.19.0
      -------------------------------------------------------------------

ST-LINK SN  : DEVICE_SERIAL_REDACTED__
ST-LINK FW  : V2J46S7
Board       : --
Voltage     : 3.24V
SWD freq    : 4000 KHz
Connect mode: Hot Plug
Reset mode  : Software reset
Device ID   : 0x450
Revision ID : Rev V
Device name : STM32H7xx
Flash size  : 2 MBytes
Device type : MCU
Device CPU  : Cortex-M7
BL Version  : 0x92


MCU Reset

Software reset is performed
reset=18
      -------------------------------------------------------------------
                       STM32CubeProgrammer v2.19.0
      -------------------------------------------------------------------

ST-LINK SN  : DEVICE_SERIAL_REDACTED__
ST-LINK FW  : V2J46S7
Board       : --
Voltage     : 3.24V
SWD freq    : 4000 KHz
Connect mode: Hot Plug
Reset mode  : Software reset
Device ID   : 0x450
Revision ID : Rev V
Device name : STM32H7xx
Flash size  : 2 MBytes
Device type : MCU
Device CPU  : Cortex-M7
BL Version  : 0x92


MCU Reset

Software reset is performed
reset=19
      -------------------------------------------------------------------
                       STM32CubeProgrammer v2.19.0
      -------------------------------------------------------------------

ST-LINK SN  : DEVICE_SERIAL_REDACTED__
ST-LINK FW  : V2J46S7
Board       : --
Voltage     : 3.24V
SWD freq    : 4000 KHz
Connect mode: Hot Plug
Reset mode  : Software reset
Device ID   : 0x450
Revision ID : Rev V
Device name : STM32H7xx
Flash size  : 2 MBytes
Device type : MCU
Device CPU  : Cortex-M7
BL Version  : 0x92


MCU Reset

Software reset is performed
reset=20
      -------------------------------------------------------------------
                       STM32CubeProgrammer v2.19.0
      -------------------------------------------------------------------

ST-LINK SN  : DEVICE_SERIAL_REDACTED__
ST-LINK FW  : V2J46S7
Board       : --
Voltage     : 3.24V
SWD freq    : 4000 KHz
Connect mode: Hot Plug
Reset mode  : Software reset
Device ID   : 0x450
Revision ID : Rev V
Device name : STM32H7xx
Flash size  : 2 MBytes
Device type : MCU
Device CPU  : Cortex-M7
BL Version  : 0x92


MCU Reset

Software reset is performed
reset=21
      -------------------------------------------------------------------
                       STM32CubeProgrammer v2.19.0
      -------------------------------------------------------------------

ST-LINK SN  : DEVICE_SERIAL_REDACTED__
ST-LINK FW  : V2J46S7
Board       : --
Voltage     : 3.24V
SWD freq    : 4000 KHz
Connect mode: Hot Plug
Reset mode  : Software reset
Device ID   : 0x450
Revision ID : Rev V
Device name : STM32H7xx
Flash size  : 2 MBytes
Device type : MCU
Device CPU  : Cortex-M7
BL Version  : 0x92


MCU Reset

Software reset is performed
reset=22
      -------------------------------------------------------------------
                       STM32CubeProgrammer v2.19.0
      -------------------------------------------------------------------

ST-LINK SN  : DEVICE_SERIAL_REDACTED__
ST-LINK FW  : V2J46S7
Board       : --
Voltage     : 3.24V
SWD freq    : 4000 KHz
Connect mode: Hot Plug
Reset mode  : Software reset
Device ID   : 0x450
Revision ID : Rev V
Device name : STM32H7xx
Flash size  : 2 MBytes
Device type : MCU
Device CPU  : Cortex-M7
BL Version  : 0x92


MCU Reset

Software reset is performed
reset=23
      -------------------------------------------------------------------
                       STM32CubeProgrammer v2.19.0
      -------------------------------------------------------------------

ST-LINK SN  : DEVICE_SERIAL_REDACTED__
ST-LINK FW  : V2J46S7
Board       : --
Voltage     : 3.24V
SWD freq    : 4000 KHz
Connect mode: Hot Plug
Reset mode  : Software reset
Device ID   : 0x450
Revision ID : Rev V
Device name : STM32H7xx
Flash size  : 2 MBytes
Device type : MCU
Device CPU  : Cortex-M7
BL Version  : 0x92


MCU Reset

Software reset is performed
reset=24
      -------------------------------------------------------------------
                       STM32CubeProgrammer v2.19.0
      -------------------------------------------------------------------

ST-LINK SN  : DEVICE_SERIAL_REDACTED__
ST-LINK FW  : V2J46S7
Board       : --
Voltage     : 3.24V
SWD freq    : 4000 KHz
Connect mode: Hot Plug
Reset mode  : Software reset
Device ID   : 0x450
Revision ID : Rev V
Device name : STM32H7xx
Flash size  : 2 MBytes
Device type : MCU
Device CPU  : Cortex-M7
BL Version  : 0x92


MCU Reset

Software reset is performed
reset=25
      -------------------------------------------------------------------
                       STM32CubeProgrammer v2.19.0
      -------------------------------------------------------------------

ST-LINK SN  : DEVICE_SERIAL_REDACTED__
ST-LINK FW  : V2J46S7
Board       : --
Voltage     : 3.24V
SWD freq    : 4000 KHz
Connect mode: Hot Plug
Reset mode  : Software reset
Device ID   : 0x450
Revision ID : Rev V
Device name : STM32H7xx
Flash size  : 2 MBytes
Device type : MCU
Device CPU  : Cortex-M7
BL Version  : 0x92


MCU Reset

Software reset is performed
reset=26
      -------------------------------------------------------------------
                       STM32CubeProgrammer v2.19.0
      -------------------------------------------------------------------

ST-LINK SN  : DEVICE_SERIAL_REDACTED__
ST-LINK FW  : V2J46S7
Board       : --
Voltage     : 3.24V
SWD freq    : 4000 KHz
Connect mode: Hot Plug
Reset mode  : Software reset
Device ID   : 0x450
Revision ID : Rev V
Device name : STM32H7xx
Flash size  : 2 MBytes
Device type : MCU
Device CPU  : Cortex-M7
BL Version  : 0x92


MCU Reset

Software reset is performed
reset=27
      -------------------------------------------------------------------
                       STM32CubeProgrammer v2.19.0
      -------------------------------------------------------------------

ST-LINK SN  : DEVICE_SERIAL_REDACTED__
ST-LINK FW  : V2J46S7
Board       : --
Voltage     : 3.24V
SWD freq    : 4000 KHz
Connect mode: Hot Plug
Reset mode  : Software reset
Device ID   : 0x450
Revision ID : Rev V
Device name : STM32H7xx
Flash size  : 2 MBytes
Device type : MCU
Device CPU  : Cortex-M7
BL Version  : 0x92


MCU Reset

Software reset is performed
reset=28
      -------------------------------------------------------------------
                       STM32CubeProgrammer v2.19.0
      -------------------------------------------------------------------

ST-LINK SN  : DEVICE_SERIAL_REDACTED__
ST-LINK FW  : V2J46S7
Board       : --
Voltage     : 3.24V
SWD freq    : 4000 KHz
Connect mode: Hot Plug
Reset mode  : Software reset
Device ID   : 0x450
Revision ID : Rev V
Device name : STM32H7xx
Flash size  : 2 MBytes
Device type : MCU
Device CPU  : Cortex-M7
BL Version  : 0x92


MCU Reset

Software reset is performed
reset=29
      -------------------------------------------------------------------
                       STM32CubeProgrammer v2.19.0
      -------------------------------------------------------------------

ST-LINK SN  : DEVICE_SERIAL_REDACTED__
ST-LINK FW  : V2J46S7
Board       : --
Voltage     : 3.24V
SWD freq    : 4000 KHz
Connect mode: Hot Plug
Reset mode  : Software reset
Device ID   : 0x450
Revision ID : Rev V
Device name : STM32H7xx
Flash size  : 2 MBytes
Device type : MCU
Device CPU  : Cortex-M7
BL Version  : 0x92


MCU Reset

Software reset is performed
reset=30
      -------------------------------------------------------------------
                       STM32CubeProgrammer v2.19.0
      -------------------------------------------------------------------

ST-LINK SN  : DEVICE_SERIAL_REDACTED__
ST-LINK FW  : V2J46S7
Board       : --
Voltage     : 3.24V
SWD freq    : 4000 KHz
Connect mode: Hot Plug
Reset mode  : Software reset
Device ID   : 0x450
Revision ID : Rev V
Device name : STM32H7xx
Flash size  : 2 MBytes
Device type : MCU
Device CPU  : Cortex-M7
BL Version  : 0x92


MCU Reset

Software reset is performed
reset=31
      -------------------------------------------------------------------
                       STM32CubeProgrammer v2.19.0
      -------------------------------------------------------------------

ST-LINK SN  : DEVICE_SERIAL_REDACTED__
ST-LINK FW  : V2J46S7
Board       : --
Voltage     : 3.24V
SWD freq    : 4000 KHz
Connect mode: Hot Plug
Reset mode  : Software reset
Device ID   : 0x450
Revision ID : Rev V
Device name : STM32H7xx
Flash size  : 2 MBytes
Device type : MCU
Device CPU  : Cortex-M7
BL Version  : 0x92


MCU Reset

Software reset is performed
reset=32
      -------------------------------------------------------------------
                       STM32CubeProgrammer v2.19.0
      -------------------------------------------------------------------

ST-LINK SN  : DEVICE_SERIAL_REDACTED__
ST-LINK FW  : V2J46S7
Board       : --
Voltage     : 3.24V
SWD freq    : 4000 KHz
Connect mode: Hot Plug
Reset mode  : Software reset
Device ID   : 0x450
Revision ID : Rev V
Device name : STM32H7xx
Flash size  : 2 MBytes
Device type : MCU
Device CPU  : Cortex-M7
BL Version  : 0x92


MCU Reset

Software reset is performed
reset=33
      -------------------------------------------------------------------
                       STM32CubeProgrammer v2.19.0
      -------------------------------------------------------------------

ST-LINK SN  : DEVICE_SERIAL_REDACTED__
ST-LINK FW  : V2J46S7
Board       : --
Voltage     : 3.24V
SWD freq    : 4000 KHz
Connect mode: Hot Plug
Reset mode  : Software reset
Device ID   : 0x450
Revision ID : Rev V
Device name : STM32H7xx
Flash size  : 2 MBytes
Device type : MCU
Device CPU  : Cortex-M7
BL Version  : 0x92


MCU Reset

Software reset is performed
reset=34
      -------------------------------------------------------------------
                       STM32CubeProgrammer v2.19.0
      -------------------------------------------------------------------

ST-LINK SN  : DEVICE_SERIAL_REDACTED__
ST-LINK FW  : V2J46S7
Board       : --
Voltage     : 3.24V
SWD freq    : 4000 KHz
Connect mode: Hot Plug
Reset mode  : Software reset
Device ID   : 0x450
Revision ID : Rev V
Device name : STM32H7xx
Flash size  : 2 MBytes
Device type : MCU
Device CPU  : Cortex-M7
BL Version  : 0x92


MCU Reset

Software reset is performed
reset=35
      -------------------------------------------------------------------
                       STM32CubeProgrammer v2.19.0
      -------------------------------------------------------------------

ST-LINK SN  : DEVICE_SERIAL_REDACTED__
ST-LINK FW  : V2J46S7
Board       : --
Voltage     : 3.24V
SWD freq    : 4000 KHz
Connect mode: Hot Plug
Reset mode  : Software reset
Device ID   : 0x450
Revision ID : Rev V
Device name : STM32H7xx
Flash size  : 2 MBytes
Device type : MCU
Device CPU  : Cortex-M7
BL Version  : 0x92


MCU Reset

Software reset is performed
reset=36
      -------------------------------------------------------------------
                       STM32CubeProgrammer v2.19.0
      -------------------------------------------------------------------

ST-LINK SN  : DEVICE_SERIAL_REDACTED__
ST-LINK FW  : V2J46S7
Board       : --
Voltage     : 3.24V
SWD freq    : 4000 KHz
Connect mode: Hot Plug
Reset mode  : Software reset
Device ID   : 0x450
Revision ID : Rev V
Device name : STM32H7xx
Flash size  : 2 MBytes
Device type : MCU
Device CPU  : Cortex-M7
BL Version  : 0x92


MCU Reset

Software reset is performed
RESET_SEQUENCE_COMPLETE
