=== HIL-FW-BASELINE-RESTORE-001 post-formal runtime ===
timestamp=2026-08-15T13:12:46.8145198+08:00
scope=release core then read-only runtime/state; no write; no SPI Event Flash access
      -------------------------------------------------------------------
                       STM32CubeProgrammer v2.19.0
      -------------------------------------------------------------------

ST-LINK SN  : DEVICE_SERIAL_REDACTED__
ST-LINK FW  : V2J46S7
Board       : --
Voltage     : 3.23V
SWD freq    : 4000 KHz
Connect mode: Hot Plug
Reset mode  : Software reset
Device ID   : 0x450
Revision ID : Rev V
Device name : STM32H7xx
Flash size  : 2 MBytes
Device type : MCU
Device CPU  : Cortex-M7
BL Version  : 0x92

Core run
      -------------------------------------------------------------------
                       STM32CubeProgrammer v2.19.0
      -------------------------------------------------------------------

ST-LINK SN  : DEVICE_SERIAL_REDACTED__
ST-LINK FW  : V2J46S7
Board       : --
Voltage     : 3.23V
SWD freq    : 4000 KHz
Connect mode: Hot Plug
Reset mode  : Software reset
Device ID   : 0x450
Revision ID : Rev V
Device name : STM32H7xx
Flash size  : 2 MBytes
Device type : MCU
Device CPU  : Cortex-M7
BL Version  : 0x92


Reading 32-bit memory content
  Size          : 4 Bytes
  Address:      : 0xE000ED08

0xE000ED08 : 08020000


      -------------------------------------------------------------------
                       STM32CubeProgrammer v2.19.0
      -------------------------------------------------------------------

ST-LINK SN  : DEVICE_SERIAL_REDACTED__
ST-LINK FW  : V2J46S7
Board       : --
Voltage     : 3.23V
SWD freq    : 4000 KHz
Connect mode: Hot Plug
Reset mode  : Software reset
Device ID   : 0x450
Revision ID : Rev V
Device name : STM32H7xx
Flash size  : 2 MBytes
Device type : MCU
Device CPU  : Cortex-M7
BL Version  : 0x92


Reading 32-bit memory content
  Size          : 4 Bytes
  Address:      : 0x40004800

0x40004800 : 0000002D


      -------------------------------------------------------------------
                       STM32CubeProgrammer v2.19.0
      -------------------------------------------------------------------

ST-LINK SN  : DEVICE_SERIAL_REDACTED__
ST-LINK FW  : V2J46S7
Board       : --
Voltage     : 3.23V
SWD freq    : 4000 KHz
Connect mode: Hot Plug
Reset mode  : Software reset
Device ID   : 0x450
Revision ID : Rev V
Device name : STM32H7xx
Flash size  : 2 MBytes
Device type : MCU
Device CPU  : Cortex-M7
BL Version  : 0x92


Reading 32-bit memory content
  Size          : 4 Bytes
  Address:      : 0x08000000

0x08000000 : 24080000


      -------------------------------------------------------------------
                       STM32CubeProgrammer v2.19.0
      -------------------------------------------------------------------

ST-LINK SN  : DEVICE_SERIAL_REDACTED__
ST-LINK FW  : V2J46S7
Board       : --
Voltage     : 3.23V
SWD freq    : 4000 KHz
Connect mode: Hot Plug
Reset mode  : Software reset
Device ID   : 0x450
Revision ID : Rev V
Device name : STM32H7xx
Flash size  : 2 MBytes
Device type : MCU
Device CPU  : Cortex-M7
BL Version  : 0x92


Reading 32-bit memory content
  Size          : 4 Bytes
  Address:      : 0x08020000

0x08020000 : 24001600


      -------------------------------------------------------------------
                       STM32CubeProgrammer v2.19.0
      -------------------------------------------------------------------

ST-LINK SN  : DEVICE_SERIAL_REDACTED__
ST-LINK FW  : V2J46S7
Board       : --
Voltage     : 3.23V
SWD freq    : 4000 KHz
Connect mode: Hot Plug
Reset mode  : Software reset
Device ID   : 0x450
Revision ID : Rev V
Device name : STM32H7xx
Flash size  : 2 MBytes
Device type : MCU
Device CPU  : Cortex-M7
BL Version  : 0x92


Reading 32-bit memory content
  Size          : 48 Bytes
  Address:      : 0x081C0000

0x081C0000 : 5453544F 00300001 0000000C 00000004
0x081C0010 : 00000002 00000000 00000000 00000000
0x081C0020 : 00000000 00000000 BAD0D577 5A3CC3A5
      -------------------------------------------------------------------
                       STM32CubeProgrammer v2.19.0
      -------------------------------------------------------------------

ST-LINK SN  : DEVICE_SERIAL_REDACTED__
ST-LINK FW  : V2J46S7
Board       : --
Voltage     : 3.23V
SWD freq    : 4000 KHz
Connect mode: Hot Plug
Reset mode  : Software reset
Device ID   : 0x450
Revision ID : Rev V
Device name : STM32H7xx
Flash size  : 2 MBytes
Device type : MCU
Device CPU  : Cortex-M7
BL Version  : 0x92


Reading 32-bit memory content
  Size          : 48 Bytes
  Address:      : 0x081E0000

0x081E0000 : 5453544F 00300001 0000000B 00000003
0x081E0010 : 00000002 00000000 00000000 00000000
0x081E0020 : 00000000 00000000 064C34B1 5A3CC3A5
      -------------------------------------------------------------------
                       STM32CubeProgrammer v2.19.0
      -------------------------------------------------------------------

ST-LINK SN  : DEVICE_SERIAL_REDACTED__
ST-LINK FW  : V2J46S7
Board       : --
Voltage     : 3.23V
SWD freq    : 4000 KHz
Connect mode: Hot Plug
Reset mode  : Software reset
Device ID   : 0x450
Revision ID : Rev V
Device name : STM32H7xx
Flash size  : 2 MBytes
Device type : MCU
Device CPU  : Cortex-M7
BL Version  : 0x92

PC       = 0x08037496
exit_codes=0,0,0,0,0,0,0,0
