
 \ | /
- RT -     Thread Operating System
 / | \     5.3.0 build Aug  6 2026 16:50:00
 2006 - 2024 Copyright by RT-Thread team
P11,BOOT,HIL_ONLY,OK,0,0,0
P11,BOOT,JEDEC,OK,ef4017,40000000,Aug  6 2026 16:57:45
P11,QSPI,ERASE,READY,0000f000,4096,0
P11,QSPI,CYCLE,OK,1,29058c73,74acc073
P11,QSPI,ERASE,READY,0000f000,4096,0
P11,QSPI,CYCLE,OK,2,29058c73,74acc073
P11,QSPI,ERASE,READY,0000f000,4096,0
P11,QSPI,CYCLE,OK,3,29058c73,74acc073
P11,QSPI,ERASE,READY,0000f000,4096,0
P11,QSPI,CYCLE,OK,4,29058c73,74acc073
P11,QSPI,ERASE,READY,0000f000,4096,0
P11,QSPI,CYCLE,OK,5,29058c73,74acc073
P11,QSPI,ERASE,READY,0000f000,4096,0
P11,QSPI,CYCLE,OK,6,29058c73,74acc073
P11,QSPI,ERASE,READY,0000f000,4096,0
P11,QSPI,CYCLE,OK,7,29058c73,74acc073
P11,QSPI,ERASE,READY,0000f000,4096,0
P11,QSPI,CYCLE,OK,8,29058c73,74acc073
P11,QSPI,ERASE,READY,0000f000,4096,0
P11,QSPI,CYCLE,OK,9,29058c73,74acc073
P11,QSPI,ERASE,READY,0000f000,4096,0
P11,QSPI,CYCLE,OK,10,29058c73,74acc073
P11,QSPI,ERASE,READY,0000f000,4096,0
P11,QSPI,CYCLE,OK,11,29058c73,74acc073
P11,QSPI,ERASE,READY,0000f000,4096,0
P11,QSPI,CYCLE,OK,12,29058c73,74acc073
P11,QSPI,ERASE,READY,0000f000,4096,0
P11,QSPI,CYCLE,OK,13,29058c73,74acc073
P11,QSPI,ERASE,READY,0000f000,4096,0
P11,QSPI,CYCLE,OK,14,29058c73,74acc073
P11,QSPI,ERASE,READY,0000f000,4096,0
P11,QSPI,CYCLE,OK,15,29058c73,74acc073
P11,QSPI,ERASE,READY,0000f000,4096,0
P11,QSPI,CYCLE,OK,16,29058c73,74acc073
P11,QSPI,ERASE,READY,0000f000,4096,0
P11,QSPI,CYCLE,OK,17,29058c73,74acc073
P11,QSPI,ERASE,READY,0000f000,4096,0
P11,QSPI,CYCLE,OK,18,29058c73,74acc073
P11,QSPI,ERASE,READY,0000f000,4096,0
P11,QSPI,CYCLE,OK,19,29058c73,74acc073
P11,QSPI,ERASE,READY,0000f000,4096,0
P11,QSPI,CYCLE,OK,20,29058c73,74acc073
P11,QSPI,ERASE,READY,0000f000,4096,0
P11,QSPI,CYCLE,OK,21,29058c73,74acc073
P11,QSPI,ERASE,READY,0000f000,4096,0
P11,QSPI,CYCLE,OK,22,29058c73,74acc073
P11,QSPI,ERASE,READY,0000f000,4096,0
P11,QSPI,CYCLE,OK,23,29058c73,74acc073
P11,QSPI,ERASE,READY,0000f000,4096,0
P11,QSPI,CYCLE,OK,24,29058c73,74acc073
P11,QSPI,ERASE,READY,0000f000,4096,0
P11,QSPI,CYCLE,OK,25,29058c73,74acc073
P11,QSPI,ERASE,READY,0000f000,4096,0
P11,QSPI,CYCLE,OK,26,29058c73,74acc073
P11,QSPI,ERASE,READY,0000f000,4096,0
P11,QSPI,CYCLE,OK,27,29058c73,74acc073
P11,QSPI,ERASE,READY,0000f000,4096,0
P11,QSPI,CYCLE,OK,28,29058c73,74acc073
P11,QSPI,ERASE,READY,0000f000,4096,0
P11,QSPI,CYCLE,OK,29,29058c73,74acc073
P11,QSPI,ERASE,READY,0000f000,4096,0
P11,QSPI,CYCLE,OK,30,29058c73,74acc073
P11,QSPI,ERASE,READY,0000f000,4096,0
P11,QSPI,CYCLE,OK,31,29058c73,74acc073
P11,QSPI,ERASE,READY,0000f000,4096,0
P11,QSPI,CYCLE,OK,32,29058c73,74acc073
P11,QSPI,ERASE,READY,0000f000,4096,0
P11,QSPI,CYCLE,OK,33,29058c73,74acc073
P11,QSPI,ERASE,READY,0000f000,4096,0
P11,QSPI,CYCLE,OK,34,29058c73,74acc073
P11,QSPI,ERASE,READY,0000f000,4096,0
P11,QSPI,CYCLE,OK,35,29058c73,74acc073
P11,QSPI,ERASE,READY,0000f000,4096,0
P11,QSPI,CYCLE,OK,36,29058c73,74acc073
P11,QSPI,ERASE,READY,0000f000,4096,0
P11,QSPI,CYCLE,OK,37,29058c73,74acc073
P11,QSPI,ERASE,READY,0000f000,4096,0
P11,QSPI,CYCLE,OK,38,29058c73,74acc073
P11,QSPI,ERASE,READY,0000f000,4096,0
P11,QSPI,CYCLE,OK,39,29058c73,74acc073
P11,QSPI,ERASE,READY,0000f000,4096,0
P11,QSPI,CYCLE,OK,40,29058c73,74acc073
P11,QSPI,ERASE,READY,0000f000,4096,0
P11,QSPI,CYCLE,OK,41,29058c73,74acc073
P11,QSPI,ERASE,READY,0000f000,4096,0
P11,QSPI,CYCLE,OK,42,29058c73,74acc073
P11,QSPI,ERASE,READY,0000f000,4096,0
P11,QSPI,CYCLE,OK,43,29058c73,74acc073
P11,QSPI,ERASE,READY,0000f000,4096,0
P11,QSPI,CYCLE,OK,44,29058c73,74acc073
P11,QSPI,ERASE,READY,0000f000,4096,0
P11,QSPI,CYCLE,OK,45,29058c73,74acc073
P11,QSPI,ERASE,READY,0000f000,4096,0
P11,QSPI,CYCLE,OK,46,29058c73,74acc073
P11,QSPI,ERASE,READY,0000f000,4096,0
P11,QSPI,CYCLE,OK,47,29058c73,74acc073
P11,QSPI,ERASE,READY,0000f000,4096,0
P11,QSPI,CYCLE,OK,48,29058c73,74acc073
P11,QSPI,ERASE,READY,0000f000,4096,0
P11,QSPI,CYCLE,OK,49,29058c73,74acc073
P11,QSPI,ERASE,READY,0000f000,4096,0
P11,QSPI,CYCLE,OK,50,29058c73,74acc073
P11,QSPI,ERASE,READY,0000f000,4096,0
P11,QSPI,CYCLE,OK,51,29058c73,74acc073
P11,QSPI,ERASE,READY,0000f000,4096,0
P11,QSPI,CYCLE,OK,52,29058c73,74acc073
P11,QSPI,ERASE,READY,0000f000,4096,0
P11,QSPI,CYCLE,OK,53,29058c73,74acc073
P11,QSPI,ERASE,READY,0000f000,4096,0
P11,QSPI,CYCLE,OK,54,29058c73,74acc073
P11,QSPI,ERASE,READY,0000f000,4096,0
P11,QSPI,CYCLE,OK,55,29058c73,74acc073
P11,QSPI,ERASE,READY,0000f000,4096,0
P11,QSPI,CYCLE,OK,56,29058c73,74acc073
P11,QSPI,ERASE,READY,0000f000,4096,0
P11,QSPI,CYCLE,OK,57,29058c73,74acc073
P11,QSPI,ERASE,READY,0000f000,4096,0
P11,QSPI,CYCLE,OK,58,29058c73,74acc073
P11,QSPI,ERASE,READY,0000f000,4096,0
P11,QSPI,CYCLE,OK,59,29058c73,74acc073
P11,QSPI,ERASE,READY,0000f000,4096,0
P11,QSPI,CYCLE,OK,60,29058c73,74acc073
P11,QSPI,ERASE,READY,0000f000,4096,0
P11,QSPI,CYCLE,OK,61,29058c73,74acc073
P11,QSPI,ERASE,READY,0000f000,4096,0
P11,QSPI,CYCLE,OK,62,29058c73,74acc073
P11,QSPI,ERASE,READY,0000f000,4096,0
P11,QSPI,CYCLE,OK,63,29058c73,74acc073
P11,QSPI,ERASE,READY,0000f000,4096,0
P11,QSPI,CYCLE,OK,64,29058c73,74acc073
P11,QSPI,ERASE,READY,0000f000,4096,0
P11,QSPI,CYCLE,OK,65,29058c73,74acc073
P11,QSPI,ERASE,READY,0000f000,4096,0
P11,QSPI,CYCLE,OK,66,29058c73,74acc073
P11,QSPI,ERASE,READY,0000f000,4096,0
P11,QSPI,CYCLE,OK,67,29058c73,74acc073
P11,QSPI,ERASE,READY,0000f000,4096,0
P11,QSPI,CYCLE,OK,68,29058c73,74acc073
P11,QSPI,ERASE,READY,0000f000,4096,0
P11,QSPI,CYCLE,OK,69,29058c73,74acc073
P11,QSPI,ERASE,READY,0000f000,4096,0
P11,QSPI,CYCLE,OK,70,29058c73,74acc073
P11,QSPI,ERASE,READY,0000f000,4096,0
P11,QSPI,CYCLE,OK,71,29058c73,74acc073
P11,QSPI,ERASE,READY,0000f000,4096,0
P11,QSPI,CYCLE,OK,72,29058c73,74acc073
P11,QSPI,ERASE,READY,0000f000,4096,0
P11,QSPI,CYCLE,OK,73,29058c73,74acc073
P11,QSPI,ERASE,READY,0000f000,4096,0
P11,QSPI,CYCLE,OK,74,29058c73,74acc073
P11,QSPI,ERASE,READY,0000f000,4096,0
P11,QSPI,CYCLE,OK,75,29058c73,74acc073
P11,QSPI,ERASE,READY,0000f000,4096,0
P11,QSPI,CYCLE,OK,76,29058c73,74acc073
P11,QSPI,ERASE,READY,0000f000,4096,0
P11,QSPI,CYCLE,OK,77,29058c73,74acc073
P11,QSPI,ERASE,READY,0000f000,4096,0
P11,QSPI,CYCLE,OK,78,29058c73,74acc073
P11,QSPI,ERASE,READY,0000f000,4096,0
P11,QSPI,CYCLE,OK,79,29058c73,74acc073
P11,QSPI,ERASE,READY,0000f000,4096,0
P11,QSPI,CYCLE,OK,80,29058c73,74acc073
P11,QSPI,ERASE,READY,0000f000,4096,0
P11,QSPI,CYCLE,OK,81,29058c73,74acc073
P11,QSPI,ERASE,READY,0000f000,4096,0
P11,QSPI,CYCLE,OK,82,29058c73,74acc073
P11,QSPI,ERASE,READY,0000f000,4096,0
P11,QSPI,CYCLE,OK,83,29058c73,74acc073
P11,QSPI,ERASE,READY,0000f000,4096,0
P11,QSPI,CYCLE,OK,84,29058c73,74acc073
P11,QSPI,ERASE,READY,0000f000,4096,0
P11,QSPI,CYCLE,OK,85,29058c73,74acc073
P11,QSPI,ERASE,READY,0000f000,4096,0
P11,QSPI,CYCLE,OK,86,29058c73,74acc073
P11,QSPI,ERASE,READY,0000f000,4096,0
P11,QSPI,CYCLE,OK,87,29058c73,74acc073
P11,QSPI,ERASE,READY,0000f000,4096,0
P11,QSPI,CYCLE,OK,88,29058c73,74acc073
P11,QSPI,ERASE,READY,0000f000,4096,0
P11,QSPI,CYCLE,OK,89,29058c73,74acc073
P11,QSPI,ERASE,READY,0000f000,4096,0
P11,QSPI,CYCLE,OK,90,29058c73,74acc073
P11,QSPI,ERASE,READY,0000f000,4096,0
P11,QSPI,CYCLE,OK,91,29058c73,74acc073
P11,QSPI,ERASE,READY,0000f000,4096,0
P11,QSPI,CYCLE,OK,92,29058c73,74acc073
P11,QSPI,ERASE,READY,0000f000,4096,0
P11,QSPI,CYCLE,OK,93,29058c73,74acc073
P11,QSPI,ERASE,READY,0000f000,4096,0
P11,QSPI,CYCLE,OK,94,29058c73,74acc073
P11,QSPI,ERASE,READY,0000f000,4096,0
P11,QSPI,CYCLE,OK,95,29058c73,74acc073
P11,QSPI,ERASE,READY,0000f000,4096,0
P11,QSPI,CYCLE,OK,96,29058c73,74acc073
P11,QSPI,ERASE,READY,0000f000,4096,0
P11,QSPI,CYCLE,OK,97,29058c73,74acc073
P11,QSPI,ERASE,READY,0000f000,4096,0
P11,QSPI,CYCLE,OK,98,29058c73,74acc073
P11,QSPI,ERASE,READY,0000f000,4096,0
P11,QSPI,CYCLE,OK,99,29058c73,74acc073
P11,QSPI,ERASE,READY,0000f000,4096,0
P11,QSPI,CYCLE,OK,100,29058c73,74acc073
P11,QSPI,GUARD,REJECT,00010000,32,0
P11,QSPI,GUARD,REJECT,00210000,4096,0
P11,QSPI,COMPLETE,OK,100,0,0
msh >
 \ | /
- RT -     Thread Operating System
 / | \     5.3.0 build Aug  6 2026 16:50:00
 2006 - 2024 Copyright by RT-Thread team
P11,BOOT,HIL_ONLY,OK,0,0,0
P11,BOOT,JEDEC,OK,ef4017,40000000,Aug  6 2026 16:57:45
P11,QSPI,ERASE,READY,0000f000,4096,0
P11,QSPI,CYCLE,OK,1,29058c73,74acc073
P11,QSPI,ERASE,READY,0000f000,4096,0
P11,QSPI,CYCLE,OK,2,29058c73,74acc073
P11,QSPI,ERASE,READY,0000f000,4096,0
P11,QSPI,CYCLE,OK,3,29058c73,74acc073
P11,QSPI,ERASE,READY,0000f000,4096,0
P11,QSPI,CYCLE,OK,4,29058c73,74acc073
P11,QSPI,ERASE,READY,0000f000,4096,0
P11,QSPI,CYCLE,OK,5,29058c73,74acc073
P11,QSPI,ERASE,READY,0000f000,4096,0
P11,QSPI,CYCLE,OK,6,29058c73,74acc073
P11,QSPI,ERASE,READY,0000f000,4096,0
P11,QSPI,CYCLE,OK,7,29058c73,74acc073
P11,QSPI,ERASE,READY,0000f000,4096,0
P11,QSPI,CYCLE,OK,8,29058c73,74acc073
P11,QSPI,ERASE,READY,0000f000,4096,0
P11,QSPI,CYCLE,OK,9,29058c73,74acc073
P11,QSPI,ERASE,READY,0000f000,4096,0
P11,QSPI,CYCLE,OK,10,29058c73,74acc073
P11,QSPI,ERASE,READY,0000f000,4096,0
P11,QSPI,CYCLE,OK,11,29058c73,74acc073
P11,QSPI,ERASE,READY,0000f000,4096,0
P11,QSPI,CYCLE,OK,12,29058c73,74acc073
P11,QSPI,ERASE,READY,0000f000,4096,0
P11,QSPI,CYCLE,OK,13,29058c73,74acc073
P11,QSPI,ERASE,READY,0000f000,4096,0
P11,QSPI,CYCLE,OK,14,29058c73,74acc073
P11,QSPI,ERASE,READY,0000f000,4096,0
P11,QSPI,CYCLE,OK,15,29058c73,74acc073
P11,QSPI,ERASE,READY,0000f000,4096,0
P11,QSPI,CYCLE,OK,16,29058c73,74acc073
P11,QSPI,ERASE,READY,0000f000,4096,0
P11,QSPI,CYCLE,OK,17,29058c73,74acc073
P11,QSPI,ERASE,READY,0000f000,4096,0
P11,QSPI,CYCLE,OK,18,29058c73,74acc073
P11,QSPI,ERASE,READY,0000f000,4096,0
P11,QSPI,CYCLE,OK,19,29058c73,74acc073
P11,QSPI,ERASE,READY,0000f000,4096,0
P11,QSPI,CYCLE,OK,20,29058c73,74acc073
P11,QSPI,ERASE,READY,0000f000,4096,0
P11,QSPI,CYCLE,OK,21,29058c73,74acc073
P11,QSPI,ERASE,READY,0000f000,4096,0
P11,QSPI,CYCLE,OK,22,29058c73,74acc073
P11,QSPI,ERASE,READY,0000f000,4096,0
P11,QSPI,CYCLE,OK,23,29058c73,74acc073
P11,QSPI,ERASE,READY,0000f000,4096,0
P11,QSPI,CYCLE,OK,24,29058c73,74acc073
P11,QSPI,ERASE,READY,0000f000,4096,0
P11,QSPI,CYCLE,OK,25,29058c73,74acc073
P11,QSPI,ERASE,READY,0000f000,4096,0
P11,QSPI,CYCLE,OK,26,29058c73,74acc073
P11,QSPI,ERASE,READY,0000f000,4096,0
P11,QSPI,CYCLE,OK,27,29058c73,74acc073
P11,QSPI,ERASE,READY,0000f000,4096,0
P11,QSPI,CYCLE,OK,28,29058c73,74acc073
P11,QSPI,ERASE,READY,0000f000,4096,0
P11,QSPI,CYCLE,OK,29,29058c73,74acc073
P11,QSPI,ERASE,READY,0000f000,4096,0
P11,QSPI,CYCLE,OK,30,29058c73,74acc073
P11,QSPI,ERASE,READY,0000f000,4096,0
P11,QSPI,CYCLE,OK,31,29058c73,74acc073
P11,QSPI,ERASE,READY,0000f000,4096,0
P11,QSPI,CYCLE,OK,32,29058c73,74acc073
P11,QSPI,ERASE,READY,0000f000,4096,0
P11,QSPI,CYCLE,OK,33,29058c73,74acc073
P11,QSPI,ERASE,READY,0000f000,4096,0
P11,QSPI,CYCLE,OK,34,29058c73,74acc073
P11,QSPI,ERASE,READY,0000f000,4096,0
P11,QSPI,CYCLE,OK,35,29058c73,74acc073
P11,QSPI,ERASE,READY,0000f000,4096,0
P11,QSPI,CYCLE,OK,36,29058c73,74acc073
P11,QSPI,ERASE,READY,0000f000,4096,0
P11,QSPI,CYCLE,OK,37,29058c73,74acc073
P11,QSPI,ERASE,READY,0000f000,4096,0
P11,QSPI,CYCLE,OK,38,29058c73,74acc073
P11,QSPI,ERASE,READY,0000f000,4096,0
P11,QSPI,CYCLE,OK,39,29058c73,74acc073
P11,QSPI,ERASE,READY,0000f000,4096,0
P11,QSPI,CYCLE,OK,40,29058c73,74acc073
P11,QSPI,ERASE,READY,0000f000,4096,0
P11,QSPI,CYCLE,OK,41,29058c73,74acc073
P11,QSPI,ERASE,READY,0000f000,4096,0
P11,QSPI,CYCLE,OK,42,29058c73,74acc073
P11,QSPI,ERASE,READY,0000f000,4096,0
P11,QSPI,CYCLE,OK,43,29058c73,74acc073
P11,QSPI,ERASE,READY,0000f000,4096,0
P11,QSPI,CYCLE,OK,44,29058c73,74acc073
P11,QSPI,ERASE,READY,0000f000,4096,0
P11,QSPI,CYCLE,OK,45,29058c73,74acc073
P11,QSPI,ERASE,READY,0000f000,4096,0
P11,QSPI,CYCLE,OK,46,29058c73,74acc073
P11,QSPI,ERASE,READY,0000f000,4096,0
P11,QSPI,CYCLE,OK,47,29058c73,74acc073
P11,QSPI,ERASE,READY,0000f000,4096,0
P11,QSPI,CYCLE,OK,48,29058c73,74acc073
P11,QSPI,ERASE,READY,0000f000,4096,0
P11,QSPI,CYCLE,OK,49,29058c73,74acc073
P11,QSPI,ERASE,READY,0000f000,4096,0
P11,QSPI,CYCLE,OK,50,29058c73,74acc073
P11,QSPI,ERASE,READY,0000f000,4096,0
P11,QSPI,CYCLE,OK,51,29058c73,74acc073
P11,QSPI,ERASE,READY,0000f000,4096,0
P11,QSPI,CYCLE,OK,52,29058c73,74acc073
P11,QSPI,ERASE,READY,0000f000,4096,0
P11,QSPI,CYCLE,OK,53,29058c73,74acc073
P11,QSPI,ERASE,READY,0000f000,4096,0
P11,QSPI,CYCLE,OK,54,29058c73,74acc073
P11,QSPI,ERASE,READY,0000f000,4096,0
P11,QSPI,CYCLE,OK,55,29058c73,74acc073
P11,QSPI,ERASE,READY,0000f000,4096,0
P11,QSPI,CYCLE,OK,56,29058c73,74acc073
P11,QSPI,ERASE,READY,0000f000,4096,0
P11,QSPI,CYCLE,OK,57,29058c73,74acc073
P11,QSPI,ERASE,READY,0000f000,4096,0
P11,QSPI,CYCLE,OK,58,29058c73,74acc073
P11,QSPI,ERASE,READY,0000f000,4096,0
P11,QSPI,CYCLE,OK,59,29058c73,74acc073
P11,QSPI,ERASE,READY,0000f000,4096,0
P11,QSPI,CYCLE,OK,60,29058c73,74acc073
P11,QSPI,ERASE,READY,0000f000,4096,0
P11,QSPI,CYCLE,OK,61,29058c73,74acc073
P11,QSPI,ERASE,READY,0000f000,4096,0
P11,QSPI,CYCLE,OK,62,29058c73,74acc073
P11,QSPI,ERASE,READY,0000f000,4096,0
P11,QSPI,CYCLE,OK,63,29058c73,74acc073
P11,QSPI,ERASE,READY,0000f000,4096,0
P11,QSPI,CYCLE,OK,64,29058c73,74acc073
P11,QSPI,ERASE,READY,0000f000,4096,0
P11,QSPI,CYCLE,OK,65,29058c73,74acc073
P11,QSPI,ERASE,READY,0000f000,4096,0
P11,QSPI,CYCLE,OK,66,29058c73,74acc073
P11,QSPI,ERASE,READY,0000f000,4096,0
P11,QSPI,CYCLE,OK,67,29058c73,74acc073
P11,QSPI,ERASE,READY,0000f000,4096,0
P11,QSPI,CYCLE,OK,68,29058c73,74acc073
P11,QSPI,ERASE,READY,0000f000,4096,0
P11,QSPI,CYCLE,OK,69,29058c73,74acc073
P11,QSPI,ERASE,READY,0000f000,4096,0
P11,QSPI,CYCLE,OK,70,29058c73,74acc073
P11,QSPI,ERASE,READY,0000f000,4096,0
P11,QSPI,CYCLE,OK,71,29058c73,74acc073
P11,QSPI,ERASE,READY,0000f000,4096,0
P11,QSPI,CYCLE,OK,72,29058c73,74acc073
P11,QSPI,ERASE,READY,0000f000,4096,0
P11,QSPI,CYCLE,OK,73,29058c73,74acc073
P11,QSPI,ERASE,READY,0000f000,4096,0
P11,QSPI,CYCLE,OK,74,29058c73,74acc073
P11,QSPI,ERASE,READY,0000f000,4096,0
P11,QSPI,CYCLE,OK,75,29058c73,74acc073
P11,QSPI,ERASE,READY,0000f000,4096,0
P11,QSPI,CYCLE,OK,76,29058c73,74acc073
P11,QSPI,ERASE,READY,0000f000,4096,0
P11,QSPI,CYCLE,OK,77,29058c73,74acc073
P11,QSPI,ERASE,READY,0000f000,4096,0
P11,QSPI,CYCLE,OK,78,29058c73,74acc073
P11,QSPI,ERASE,READY,0000f000,4096,0
P11,QSPI,CYCLE,OK,79,29058c73,74acc073
P11,QSPI,ERASE,READY,0000f000,4096,0
P11,QSPI,CYCLE,OK,80,29058c73,74acc073
P11,QSPI,ERASE,READY,0000f000,4096,0
P11,QSPI,CYCLE,OK,81,29058c73,74acc073
P11,QSPI,ERASE,READY,0000f000,4096,0
P11,QSPI,CYCLE,OK,82,29058c73,74acc073
P11,QSPI,ERASE,READY,0000f000,4096,0
P11,QSPI,CYCLE,OK,83,29058c73,74acc073
P11,QSPI,ERASE,READY,0000f000,4096,0
P11,QSPI,CYCLE,OK,84,29058c73,74acc073
P11,QSPI,ERASE,READY,0000f000,4096,0
P11,QSPI,CYCLE,OK,85,29058c73,74acc073
P11,QSPI,ERASE,READY,0000f000,4096,0
P11,QSPI,CYCLE,OK,86,29058c73,74acc073
P11,QSPI,ERASE,READY,0000f000,4096,0
P11,QSPI,CYCLE,OK,87,29058c73,74acc073
P11,QSPI,ERASE,READY,0000f000,4096,0
P11,QSPI,CYCLE,OK,88,29058c73,74acc073
P11,QSPI,ERASE,READY,0000f000,4096,0
P11,QSPI,CYCLE,OK,89,29058c73,74acc073
P11,QSPI,ERASE,READY,0000f000,4096,0
P11,QSPI,CYCLE,OK,90,29058c73,74acc073
P11,QSPI,ERASE,READY,0000f000,4096,0
P11,QSPI,CYCLE,OK,91,29058c73,74acc073
P11,QSPI,ERASE,READY,0000f000,4096,0
P11,QSPI,CYCLE,OK,92,29058c73,74acc073
P11,QSPI,ERASE,READY,0000f000,4096,0
P11,QSPI,CYCLE,OK,93,29058c73,74acc073
P11,QSPI,ERASE,READY,0000f000,4096,0
P11,QSPI,CYCLE,OK,94,29058c73,74acc073
P11,QSPI,ERASE,READY,0000f000,4096,0
P11,QSPI,CYCLE,OK,95,29058c73,74acc073
P11,QSPI,ERASE,READY,0000f000,4096,0
P11,QSPI,CYCLE,OK,96,29058c73,74acc073
P11,QSPI,ERASE,READY,0000f000,4096,0
P11,QSPI,CYCLE,OK,97,29058c73,74acc073
P11,QSPI,ERASE,READY,0000f000,4096,0
P11,QSPI,CYCLE,OK,98,29058c73,74acc073
P11,QSPI,ERASE,READY,0000f000,4096,0
P11,QSPI,CYCLE,OK,99,29058c73,74acc073
P11,QSPI,ERASE,READY,0000f000,4096,0
P11,QSPI,CYCLE,OK,100,29058c73,74acc073
P11,QSPI,GUARD,REJECT,00010000,32,0
P11,QSPI,GUARD,REJECT,00210000,4096,0
P11,QSPI,COMPLETE,OK,100,0,0
msh >
 \ | /
- RT -     Thread Operating System
 / | \     5.3.0 build Aug  6 2026 16:50:00
 2006 - 2024 Copyright by RT-Thread team
P11,BOOT,HIL_ONLY,OK,0,0,0
P11,BOOT,JEDEC,OK,ef4017,40000000,Aug  6 2026 16:57:45
P11,QSPI,ERASE,READY,0000f000,4096,0
P11,QSPI,CYCLE,OK,1,29058c73,74acc073
P11,QSPI,ERASE,READY,0000f000,4096,0
P11,QSPI,CYCLE,OK,2,29058c73,74acc073
P11,QSPI,ERASE,READY,0000f000,4096,0
P11,QSPI,CYCLE,OK,3,29058c73,74acc073
P11,QSPI,ERASE,READY,0000f000,4096,0
P11,QSPI,CYCLE,OK,4,29058c73,74acc073
P11,QSPI,ERASE,READY,0000f000,4096,0
P11,QSPI,CYCLE,OK,5,29058c73,74acc073
P11,QSPI,ERASE,READY,0000f000,4096,0
P11,QSPI,CYCLE,OK,6,29058c73,74acc073
P11,QSPI,ERASE,READY,0000f000,4096,0
P11,QSPI,CYCLE,OK,7,29058c73,74acc073
P11,QSPI,ERASE,READY,0000f000,4096,0
P11,QSPI,CYCLE,OK,8,29058c73,74acc073
P11,QSPI,ERASE,READY,0000f000,4096,0
P11,QSPI,CYCLE,OK,9,29058c73,74acc073
P11,QSPI,ERASE,READY,0000f000,4096,0
P11,QSPI,CYCLE,OK,10,29058c73,74acc073
P11,QSPI,ERASE,READY,0000f000,4096,0
P11,QSPI,CYCLE,OK,11,29058c73,74acc073
P11,QSPI,ERASE,READY,0000f000,4096,0
P11,QSPI,CYCLE,OK,12,29058c73,74acc073
P11,QSPI,ERASE,READY,0000f000,4096,0
P11,QSPI,CYCLE,OK,13,29058c73,74acc073
P11,QSPI,ERASE,READY,0000f000,4096,0
P11,QSPI,CYCLE,OK,14,29058c73,74acc073
P11,QSPI,ERASE,READY,0000f000,4096,0
P11,QSPI,CYCLE,OK,15,29058c73,74acc073
P11,QSPI,ERASE,READY,0000f000,4096,0
P11,QSPI,CYCLE,OK,16,29058c73,74acc073
P11,QSPI,ERASE,READY,0000f000,4096,0
P11,QSPI,CYCLE,OK,17,29058c73,74acc073
P11,QSPI,ERASE,READY,0000f000,4096,0
P11,QSPI,CYCLE,OK,18,29058c73,74acc073
P11,QSPI,ERASE,READY,0000f000,4096,0
P11,QSPI,CYCLE,OK,19,29058c73,74acc073
P11,QSPI,ERASE,READY,0000f000,4096,0
P11,QSPI,CYCLE,OK,20,29058c73,74acc073
P11,QSPI,ERASE,READY,0000f000,4096,0
P11,QSPI,CYCLE,OK,21,29058c73,74acc073
P11,QSPI,ERASE,READY,0000f000,4096,0
P11,QSPI,CYCLE,OK,22,29058c73,74acc073
P11,QSPI,ERASE,READY,0000f000,4096,0
P11,QSPI,CYCLE,OK,23,29058c73,74acc073
P11,QSPI,ERASE,READY,0000f000,4096,0
P11,QSPI,CYCLE,OK,24,29058c73,74acc073
P11,QSPI,ERASE,READY,0000f000,4096,0
P11,QSPI,CYCLE,OK,25,29058c73,74acc073
P11,QSPI,ERASE,READY,0000f000,4096,0
P11,QSPI,CYCLE,OK,26,29058c73,74acc073
P11,QSPI,ERASE,READY,0000f000,4096,0
P11,QSPI,CYCLE,OK,27,29058c73,74acc073
P11,QSPI,ERASE,READY,0000f000,4096,0
P11,QSPI,CYCLE,OK,28,29058c73,74acc073
P11,QSPI,ERASE,READY,0000f000,4096,0
P11,QSPI,CYCLE,OK,29,29058c73,74acc073
P11,QSPI,ERASE,READY,0000f000,4096,0
P11,QSPI,CYCLE,OK,30,29058c73,74acc073
P11,QSPI,ERASE,READY,0000f000,4096,0
P11,QSPI,CYCLE,OK,31,29058c73,74acc073
P11,QSPI,ERASE,READY,0000f000,4096,0
P11,QSPI,CYCLE,OK,32,29058c73,74acc073
P11,QSPI,ERASE,READY,0000f000,4096,0
P11,QSPI,CYCLE,OK,33,29058c73,74acc073
P11,QSPI,ERASE,READY,0000f000,4096,0
P11,QSPI,CYCLE,OK,34,29058c73,74acc073
P11,QSPI,ERASE,READY,0000f000,4096,0
P11,QSPI,CYCLE,OK,35,29058c73,74acc073
P11,QSPI,ERASE,READY,0000f000,4096,0
P11,QSPI,CYCLE,OK,36,29058c73,74acc073
P11,QSPI,ERASE,READY,0000f000,4096,0
P11,QSPI,CYCLE,OK,37,29058c73,74acc073
P11,QSPI,ERASE,READY,0000f000,4096,0
P11,QSPI,CYCLE,OK,38,29058c73,74acc073
P11,QSPI,ERASE,READY,0000f000,4096,0
P11,QSPI,CYCLE,OK,39,29058c73,74acc073
P11,QSPI,ERASE,READY,0000f000,4096,0
P11,QSPI,CYCLE,OK,40,29058c73,74acc073
P11,QSPI,ERASE,READY,0000f000,4096,0
P11,QSPI,CYCLE,OK,41,29058c73,74acc073
P11,QSPI,ERASE,READY,0000f000,4096,0
P11,QSPI,CYCLE,OK,42,29058c73,74acc073
P11,QSPI,ERASE,READY,0000f000,4096,0
P11,QSPI,CYCLE,OK,43,29058c73,74acc073
P11,QSPI,ERASE,READY,0000f000,4096,0
P11,QSPI,CYCLE,OK,44,29058c73,74acc073
P11,QSPI,ERASE,READY,0000f000,4096,0
P11,QSPI,CYCLE,OK,45,29058c73,74acc073
P11,QSPI,ERASE,READY,0000f000,4096,0
P11,QSPI,CYCLE,OK,46,29058c73,74acc073
P11,QSPI,ERASE,READY,0000f000,4096,0
P11,QSPI,CYCLE,OK,47,29058c73,74acc073
P11,QSPI,ERASE,READY,0000f000,4096,0
P11,QSPI,CYCLE,OK,48,29058c73,74acc073
P11,QSPI,ERASE,READY,0000f000,4096,0
P11,QSPI,CYCLE,OK,49,29058c73,74acc073
P11,QSPI,ERASE,READY,0000f000,4096,0
P11,QSPI,CYCLE,OK,50,29058c73,74acc073
P11,QSPI,ERASE,READY,0000f000,4096,0
P11,QSPI,CYCLE,OK,51,29058c73,74acc073
P11,QSPI,ERASE,READY,0000f000,4096,0
P11,QSPI,CYCLE,OK,52,29058c73,74acc073
P11,QSPI,ERASE,READY,0000f000,4096,0
P11,QSPI,CYCLE,OK,53,29058c73,74acc073
P11,QSPI,ERASE,READY,0000f000,4096,0
P11,QSPI,CYCLE,OK,54,29058c73,74acc073
P11,QSPI,ERASE,READY,0000f000,4096,0
P11,QSPI,CYCLE,OK,55,29058c73,74acc073
P11,QSPI,ERASE,READY,0000f000,4096,0
P11,QSPI,CYCLE,OK,56,29058c73,74acc073
P11,QSPI,ERASE,READY,0000f000,4096,0
P11,QSPI,CYCLE,OK,57,29058c73,74acc073
P11,QSPI,ERASE,READY,0000f000,4096,0
P11,QSPI,CYCLE,OK,58,29058c73,74acc073
P11,QSPI,ERASE,READY,0000f000,4096,0
P11,QSPI,CYCLE,OK,59,29058c73,74acc073
P11,QSPI,ERASE,READY,0000f000,4096,0
P11,QSPI,CYCLE,OK,60,29058c73,74acc073
P11,QSPI,ERASE,READY,0000f000,4096,0
P11,QSPI,CYCLE,OK,61,29058c73,74acc073
P11,QSPI,ERASE,READY,0000f000,4096,0
P11,QSPI,CYCLE,OK,62,29058c73,74acc073
P11,QSPI,ERASE,READY,0000f000,4096,0
P11,QSPI,CYCLE,OK,63,29058c73,74acc073
P11,QSPI,ERASE,READY,0000f000,4096,0
P11,QSPI,CYCLE,OK,64,29058c73,74acc073
P11,QSPI,ERASE,READY,0000f000,4096,0
P11,QSPI,CYCLE,OK,65,29058c73,74acc073
P11,QSPI,ERASE,READY,0000f000,4096,0
P11,QSPI,CYCLE,OK,66,29058c73,74acc073
P11,QSPI,ERASE,READY,0000f000,4096,0
P11,QSPI,CYCLE,OK,67,29058c73,74acc073
P11,QSPI,ERASE,READY,0000f000,4096,0
P11,QSPI,CYCLE,OK,68,29058c73,74acc073
P11,QSPI,ERASE,READY,0000f000,4096,0
P11,QSPI,CYCLE,OK,69,29058c73,74acc073
P11,QSPI,ERASE,READY,0000f000,4096,0
P11,QSPI,CYCLE,OK,70,29058c73,74acc073
P11,QSPI,ERASE,READY,0000f000,4096,0
P11,QSPI,CYCLE,OK,71,29058c73,74acc073
P11,QSPI,ERASE,READY,0000f000,4096,0
P11,QSPI,CYCLE,OK,72,29058c73,74acc073
P11,QSPI,ERASE,READY,0000f000,4096,0
P11,QSPI,CYCLE,OK,73,29058c73,74acc073
P11,QSPI,ERASE,READY,0000f000,4096,0
P11,QSPI,CYCLE,OK,74,29058c73,74acc073
P11,QSPI,ERASE,READY,0000f000,4096,0
P11,QSPI,CYCLE,OK,75,29058c73,74acc073
P11,QSPI,ERASE,READY,0000f000,4096,0
P11,QSPI,CYCLE,OK,76,29058c73,74acc073
P11,QSPI,ERASE,READY,0000f000,4096,0
P11,QSPI,CYCLE,OK,77,29058c73,74acc073
P11,QSPI,ERASE,READY,0000f000,4096,0
P11,QSPI,CYCLE,OK,78,29058c73,74acc073
P11,QSPI,ERASE,READY,0000f000,4096,0
P11,QSPI,CYCLE,OK,79,29058c73,74acc073
P11,QSPI,ERASE,READY,0000f000,4096,0
P11,QSPI,CYCLE,OK,80,29058c73,74acc073
P11,QSPI,ERASE,READY,0000f000,4096,0
P11,QSPI,CYCLE,OK,81,29058c73,74acc073
P11,QSPI,ERASE,READY,0000f000,4096,0
P11,QSPI,CYCLE,OK,82,29058c73,74acc073
P11,QSPI,ERASE,READY,0000f000,4096,0
P11,QSPI,CYCLE,OK,83,29058c73,74acc073
P11,QSPI,ERASE,READY,0000f000,4096,0
P11,QSPI,CYCLE,OK,84,29058c73,74acc073
P11,QSPI,ERASE,READY,0000f000,4096,0
P11,QSPI,CYCLE,OK,85,29058c73,74acc073
P11,QSPI,ERASE,READY,0000f000,4096,0
P11,QSPI,CYCLE,OK,86,29058c73,74acc073
P11,QSPI,ERASE,READY,0000f000,4096,0
P11,QSPI,CYCLE,OK,87,29058c73,74acc073
P11,QSPI,ERASE,READY,0000f000,4096,0
P11,QSPI,CYCLE,OK,88,29058c73,74acc073
P11,QSPI,ERASE,READY,0000f000,4096,0
P11,QSPI,CYCLE,OK,89,29058c73,74acc073
P11,QSPI,ERASE,READY,0000f000,4096,0
P11,QSPI,CYCLE,OK,90,29058c73,74acc073
P11,QSPI,ERASE,READY,0000f000,4096,0
P11,QSPI,CYCLE,OK,91,29058c73,74acc073
P11,QSPI,ERASE,READY,0000f000,4096,0
P11,QSPI,CYCLE,OK,92,29058c73,74acc073
P11,QSPI,ERASE,READY,0000f000,4096,0
P11,QSPI,CYCLE,OK,93,29058c73,74acc073
P11,QSPI,ERASE,READY,0000f000,4096,0
P11,QSPI,CYCLE,OK,94,29058c73,74acc073
P11,QSPI,ERASE,READY,0000f000,4096,0
P11,QSPI,CYCLE,OK,95,29058c73,74acc073
P11,QSPI,ERASE,READY,0000f000,4096,0
P11,QSPI,CYCLE,OK,96,29058c73,74acc073
P11,QSPI,ERASE,READY,0000f000,4096,0
P11,QSPI,CYCLE,OK,97,29058c73,74acc073
P11,QSPI,ERASE,READY,0000f000,4096,0
P11,QSPI,CYCLE,OK,98,29058c73,74acc073
P11,QSPI,ERASE,READY,0000f000,4096,0
P11,QSPI,CYCLE,OK,99,29058c73,74acc073
P11,QSPI,ERASE,READY,0000f000,4096,0
P11,QSPI,CYCLE,OK,100,29058c73,74acc073
P11,QSPI,GUARD,REJECT,00010000,32,0
P11,QSPI,GUARD,REJECT,00210000,4096,0
P11,QSPI,COMPLETE,OK,100,0,0
msh >
 \ | /
- RT -     Thread Operating System
 / | \     5.3.0 build Aug  6 2026 16:50:00
 2006 - 2024 Copyright by RT-Thread team
P11,BOOT,HIL_ONLY,OK,0,0,0
P11,BOOT,JEDEC,OK,ef4017,40000000,Aug  6 2026 16:57:45
P11,QSPI,ERASE,READY,0000f000,4096,0
P11,QSPI,CYCLE,OK,1,29058c73,74acc073
P11,QSPI,ERASE,READY,0000f000,4096,0
P11,QSPI,CYCLE,OK,2,29058c73,74acc073
P11,QSPI,ERASE,READY,0000f000,4096,0
P11,QSPI,CYCLE,OK,3,29058c73,74acc073
P11,QSPI,ERASE,READY,0000f000,4096,0
P11,QSPI,CYCLE,OK,4,29058c73,74acc073
P11,QSPI,ERASE,READY,0000f000,4096,0
P11,QSPI,CYCLE,OK,5,29058c73,74acc073
P11,QSPI,ERASE,READY,0000f000,4096,0
P11,QSPI,CYCLE,OK,6,29058c73,74acc073
P11,QSPI,ERASE,READY,0000f000,4096,0
P11,QSPI,CYCLE,OK,7,29058c73,74acc073
P11,QSPI,ERASE,READY,0000f000,4096,0
P11,QSPI,CYCLE,OK,8,29058c73,74acc073
P11,QSPI,ERASE,READY,0000f000,4096,0
P11,QSPI,CYCLE,OK,9,29058c73,74acc073
P11,QSPI,ERASE,READY,0000f000,4096,0
P11,QSPI,CYCLE,OK,10,29058c73,74acc073
P11,QSPI,ERASE,READY,0000f000,4096,0
P11,QSPI,CYCLE,OK,11,29058c73,74acc073
P11,QSPI,ERASE,READY,0000f000,4096,0
P11,QSPI,CYCLE,OK,12,29058c73,74acc073
P11,QSPI,ERASE,READY,0000f000,4096,0
P11,QSPI,CYCLE,OK,13,29058c73,74acc073
P11,QSPI,ERASE,READY,0000f000,4096,0
P11,QSPI,CYCLE,OK,14,29058c73,74acc073
P11,QSPI,ERASE,READY,0000f000,4096,0
P11,QSPI,CYCLE,OK,15,29058c73,74acc073
P11,QSPI,ERASE,READY,0000f000,4096,0
P11,QSPI,CYCLE,OK,16,29058c73,74acc073
P11,QSPI,ERASE,READY,0000f000,4096,0
P11,QSPI,CYCLE,OK,17,29058c73,74acc073
P11,QSPI,ERASE,READY,0000f000,4096,0
P11,QSPI,CYCLE,OK,18,29058c73,74acc073
P11,QSPI,ERASE,READY,0000f000,4096,0
P11,QSPI,CYCLE,OK,19,29058c73,74acc073
P11,QSPI,ERASE,READY,0000f000,4096,0
P11,QSPI,CYCLE,OK,20,29058c73,74acc073
P11,QSPI,ERASE,READY,0000f000,4096,0
P11,QSPI,CYCLE,OK,21,29058c73,74acc073
P11,QSPI,ERASE,READY,0000f000,4096,0
P11,QSPI,CYCLE,OK,22,29058c73,74acc073
P11,QSPI,ERASE,READY,0000f000,4096,0
P11,QSPI,CYCLE,OK,23,29058c73,74acc073
P11,QSPI,ERASE,READY,0000f000,4096,0
P11,QSPI,CYCLE,OK,24,29058c73,74acc073
P11,QSPI,ERASE,READY,0000f000,4096,0
P11,QSPI,CYCLE,OK,25,29058c73,74acc073
P11,QSPI,ERASE,READY,0000f000,4096,0
P11,QSPI,CYCLE,OK,26,29058c73,74acc073
P11,QSPI,ERASE,READY,0000f000,4096,0
P11,QSPI,CYCLE,OK,27,29058c73,74acc073
P11,QSPI,ERASE,READY,0000f000,4096,0
P11,QSPI,CYCLE,OK,28,29058c73,74acc073
P11,QSPI,ERASE,READY,0000f000,4096,0
P11,QSPI,CYCLE,OK,29,29058c73,74acc073
P11,QSPI,ERASE,READY,0000f000,4096,0
P11,QSPI,CYCLE,OK,30,29058c73,74acc073
P11,QSPI,ERASE,READY,0000f000,4096,0
P11,QSPI,CYCLE,OK,31,29058c73,74acc073
P11,QSPI,ERASE,READY,0000f000,4096,0
P11,QSPI,CYCLE,OK,32,29058c73,74acc073
P11,QSPI,ERASE,READY,0000f000,4096,0
P11,QSPI,CYCLE,OK,33,29058c73,74acc073
P11,QSPI,ERASE,READY,0000f000,4096,0
P11,QSPI,CYCLE,OK,34,29058c73,74acc073
P11,QSPI,ERASE,READY,0000f000,4096,0
P11,QSPI,CYCLE,OK,35,29058c73,74acc073
P11,QSPI,ERASE,READY,0000f000,4096,0
P11,QSPI,CYCLE,OK,36,29058c73,74acc073
P11,QSPI,ERASE,READY,0000f000,4096,0
P11,QSPI,CYCLE,OK,37,29058c73,74acc073
P11,QSPI,ERASE,READY,0000f000,4096,0
P11,QSPI,CYCLE,OK,38,29058c73,74acc073
P11,QSPI,ERASE,READY,0000f000,4096,0
P11,QSPI,CYCLE,OK,39,29058c73,74acc073
P11,QSPI,ERASE,READY,0000f000,4096,0
P11,QSPI,CYCLE,OK,40,29058c73,74acc073
P11,QSPI,ERASE,READY,0000f000,4096,0
P11,QSPI,CYCLE,OK,41,29058c73,74acc073
P11,QSPI,ERASE,READY,0000f000,4096,0
P11,QSPI,CYCLE,OK,42,29058c73,74acc073
P11,QSPI,ERASE,READY,0000f000,4096,0
P11,QSPI,CYCLE,OK,43,29058c73,74acc073
P11,QSPI,ERASE,READY,0000f000,4096,0
P11,QSPI,CYCLE,OK,44,29058c73,74acc073
P11,QSPI,ERASE,READY,0000f000,4096,0
P11,QSPI,CYCLE,OK,45,29058c73,74acc073
P11,QSPI,ERASE,READY,0000f000,4096,0
P11,QSPI,CYCLE,OK,46,29058c73,74acc073
P11,QSPI,ERASE,READY,0000f000,4096,0
P11,QSPI,CYCLE,OK,47,29058c73,74acc073
P11,QSPI,ERASE,READY,0000f000,4096,0
P11,QSPI,CYCLE,OK,48,29058c73,74acc073
P11,QSPI,ERASE,READY,0000f000,4096,0
P11,QSPI,CYCLE,OK,49,29058c73,74acc073
P11,QSPI,ERASE,READY,0000f000,4096,0
P11,QSPI,CYCLE,OK,50,29058c73,74acc073
P11,QSPI,ERASE,READY,0000f000,4096,0
P11,QSPI,CYCLE,OK,51,29058c73,74acc073
P11,QSPI,ERASE,READY,0000f000,4096,0
P11,QSPI,CYCLE,OK,52,29058c73,74acc073
P11,QSPI,ERASE,READY,0000f000,4096,0
P11,QSPI,CYCLE,OK,53,29058c73,74acc073
P11,QSPI,ERASE,READY,0000f000,4096,0
P11,QSPI,CYCLE,OK,54,29058c73,74acc073
P11,QSPI,ERASE,READY,0000f000,4096,0
P11,QSPI,CYCLE,OK,55,29058c73,74acc073
P11,QSPI,ERASE,READY,0000f000,4096,0
P11,QSPI,CYCLE,OK,56,29058c73,74acc073
P11,QSPI,ERASE,READY,0000f000,4096,0
P11,QSPI,CYCLE,OK,57,29058c73,74acc073
P11,QSPI,ERASE,READY,0000f000,4096,0
P11,QSPI,CYCLE,OK,58,29058c73,74acc073
P11,QSPI,ERASE,READY,0000f000,4096,0
P11,QSPI,CYCLE,OK,59,29058c73,74acc073
P11,QSPI,ERASE,READY,0000f000,4096,0
P11,QSPI,CYCLE,OK,60,29058c73,74acc073
P11,QSPI,ERASE,READY,0000f000,4096,0
P11,QSPI,CYCLE,OK,61,29058c73,74acc073
P11,QSPI,ERASE,READY,0000f000,4096,0
P11,QSPI,CYCLE,OK,62,29058c73,74acc073
P11,QSPI,ERASE,READY,0000f000,4096,0
P11,QSPI,CYCLE,OK,63,29058c73,74acc073
P11,QSPI,ERASE,READY,0000f000,4096,0
P11,QSPI,CYCLE,OK,64,29058c73,74acc073
P11,QSPI,ERASE,READY,0000f000,4096,0
P11,QSPI,CYCLE,OK,65,29058c73,74acc073
P11,QSPI,ERASE,READY,0000f000,4096,0
P11,QSPI,CYCLE,OK,66,29058c73,74acc073
P11,QSPI,ERASE,READY,0000f000,4096,0
P11,QSPI,CYCLE,OK,67,29058c73,74acc073
P11,QSPI,ERASE,READY,0000f000,4096,0
P11,QSPI,CYCLE,OK,68,29058c73,74acc073
P11,QSPI,ERASE,READY,0000f000,4096,0
P11,QSPI,CYCLE,OK,69,29058c73,74acc073
P11,QSPI,ERASE,READY,0000f000,4096,0
P11,QSPI,CYCLE,OK,70,29058c73,74acc073
P11,QSPI,ERASE,READY,0000f000,4096,0
P11,QSPI,CYCLE,OK,71,29058c73,74acc073
P11,QSPI,ERASE,READY,0000f000,4096,0
P11,QSPI,CYCLE,OK,72,29058c73,74acc073
P11,QSPI,ERASE,READY,0000f000,4096,0
P11,QSPI,CYCLE,OK,73,29058c73,74acc073
P11,QSPI,ERASE,READY,0000f000,4096,0
P11,QSPI,CYCLE,OK,74,29058c73,74acc073
P11,QSPI,ERASE,READY,0000f000,4096,0
P11,QSPI,CYCLE,OK,75,29058c73,74acc073
P11,QSPI,ERASE,READY,0000f000,4096,0
P11,QSPI,CYCLE,OK,76,29058c73,74acc073
P11,QSPI,ERASE,READY,0000f000,4096,0
P11,QSPI,CYCLE,OK,77,29058c73,74acc073
P11,QSPI,ERASE,READY,0000f000,4096,0
P11,QSPI,CYCLE,OK,78,29058c73,74acc073
P11,QSPI,ERASE,READY,0000f000,4096,0
P11,QSPI,CYCLE,OK,79,29058c73,74acc073
P11,QSPI,ERASE,READY,0000f000,4096,0
P11,QSPI,CYCLE,OK,80,29058c73,74acc073
P11,QSPI,ERASE,READY,0000f000,4096,0
P11,QSPI,CYCLE,OK,81,29058c73,74acc073
P11,QSPI,ERASE,READY,0000f000,4096,0
P11,QSPI,CYCLE,OK,82,29058c73,74acc073
P11,QSPI,ERASE,READY,0000f000,4096,0
P11,QSPI,CYCLE,OK,83,29058c73,74acc073
P11,QSPI,ERASE,READY,0000f000,4096,0
P11,QSPI,CYCLE,OK,84,29058c73,74acc073
P11,QSPI,ERASE,READY,0000f000,4096,0
P11,QSPI,CYCLE,OK,85,29058c73,74acc073
P11,QSPI,ERASE,READY,0000f000,4096,0
P11,QSPI,CYCLE,OK,86,29058c73,74acc073
P11,QSPI,ERASE,READY,0000f000,4096,0
P11,QSPI,CYCLE,OK,87,29058c73,74acc073
P11,QSPI,ERASE,READY,0000f000,4096,0
P11,QSPI,CYCLE,OK,88,29058c73,74acc073
P11,QSPI,ERASE,READY,0000f000,4096,0
P11,QSPI,CYCLE,OK,89,29058c73,74acc073
P11,QSPI,ERASE,READY,0000f000,4096,0
P11,QSPI,CYCLE,OK,90,29058c73,74acc073
P11,QSPI,ERASE,READY,0000f000,4096,0
P11,QSPI,CYCLE,OK,91,29058c73,74acc073
P11,QSPI,ERASE,READY,0000f000,4096,0
P11,QSPI,CYCLE,OK,92,29058c73,74acc073
P11,QSPI,ERASE,READY,0000f000,4096,0
P11,QSPI,CYCLE,OK,93,29058c73,74acc073
P11,QSPI,ERASE,READY,0000f000,4096,0
P11,QSPI,CYCLE,OK,94,29058c73,74acc073
P11,QSPI,ERASE,READY,0000f000,4096,0
P11,QSPI,CYCLE,OK,95,29058c73,74acc073
P11,QSPI,ERASE,READY,0000f000,4096,0
P11,QSPI,CYCLE,OK,96,29058c73,74acc073
P11,QSPI,ERASE,READY,0000f000,4096,0
P11,QSPI,CYCLE,OK,97,29058c73,74acc073
P11,QSPI,ERASE,READY,0000f000,4096,0
P11,QSPI,CYCLE,OK,98,29058c73,74acc073
P11,QSPI,ERASE,READY,0000f000,4096,0
P11,QSPI,CYCLE,OK,99,29058c73,74acc073
P11,QSPI,ERASE,READY,0000f000,4096,0
P11,QSPI,CYCLE,OK,100,29058c73,74acc073
P11,QSPI,GUARD,REJECT,00010000,32,0
P11,QSPI,GUARD,REJECT,00210000,4096,0
P11,QSPI,COMPLETE,OK,100,0,0
msh >
