QUERY_RESUME: total=147188 verified=114688 pending=0
REPLAY_SAME_CHUNK: total=147188 verified=114688 pending=0
WRITE 114688: total=147188 verified=114944 pending=0
WRITE 114944: total=147188 verified=115200 pending=0
WRITE 115200: total=147188 verified=115456 pending=0
WRITE 115456: total=147188 verified=115712 pending=0
WRITE 115712: total=147188 verified=115968 pending=0
WRITE 115968: total=147188 verified=116224 pending=0
WRITE 116224: total=147188 verified=116480 pending=0
WRITE 116480: total=147188 verified=116736 pending=0
WRITE 116736: total=147188 verified=116992 pending=0
WRITE 116992: total=147188 verified=117248 pending=0
WRITE 117248: total=147188 verified=117504 pending=0
WRITE 117504: total=147188 verified=117760 pending=0
WRITE 117760: total=147188 verified=118016 pending=0
WRITE 118016: total=147188 verified=118272 pending=0
WRITE 118272: total=147188 verified=118528 pending=0
WRITE 118528: total=147188 verified=118784 pending=0
PROGRESS 118784/147188
WRITE 118784: total=147188 verified=119040 pending=0
WRITE 119040: total=147188 verified=119296 pending=0
WRITE 119296: total=147188 verified=119552 pending=0
WRITE 119552: total=147188 verified=119808 pending=0
WRITE 119808: total=147188 verified=120064 pending=0
WRITE 120064: total=147188 verified=120320 pending=0
WRITE 120320: total=147188 verified=120576 pending=0
WRITE 120576: total=147188 verified=120832 pending=0
WRITE 120832: total=147188 verified=121088 pending=0
WRITE 121088: total=147188 verified=121344 pending=0
WRITE 121344: total=147188 verified=121600 pending=0
WRITE 121600: total=147188 verified=121856 pending=0
WRITE 121856: total=147188 verified=122112 pending=0
WRITE 122112: total=147188 verified=122368 pending=0
WRITE 122368: total=147188 verified=122624 pending=0
WRITE 122624: total=147188 verified=122880 pending=0
PROGRESS 122880/147188
WRITE 122880: total=147188 verified=123136 pending=0
WRITE 123136: total=147188 verified=123392 pending=0
WRITE 123392: total=147188 verified=123648 pending=0
WRITE 123648: total=147188 verified=123904 pending=0
WRITE 123904: total=147188 verified=124160 pending=0
WRITE 124160: total=147188 verified=124416 pending=0
WRITE 124416: total=147188 verified=124672 pending=0
WRITE 124672: total=147188 verified=124928 pending=0
WRITE 124928: total=147188 verified=125184 pending=0
WRITE 125184: total=147188 verified=125440 pending=0
WRITE 125440: total=147188 verified=125696 pending=0
WRITE 125696: total=147188 verified=125952 pending=0
WRITE 125952: total=147188 verified=126208 pending=0
WRITE 126208: total=147188 verified=126464 pending=0
WRITE 126464: total=147188 verified=126720 pending=0
WRITE 126720: total=147188 verified=126976 pending=0
PROGRESS 126976/147188
WRITE 126976: total=147188 verified=127232 pending=0
WRITE 127232: total=147188 verified=127488 pending=0
WRITE 127488: total=147188 verified=127744 pending=0
WRITE 127744: total=147188 verified=128000 pending=0
WRITE 128000: total=147188 verified=128256 pending=0
WRITE 128256: total=147188 verified=128512 pending=0
WRITE 128512: total=147188 verified=128768 pending=0
WRITE 128768: total=147188 verified=129024 pending=0
WRITE 129024: total=147188 verified=129280 pending=0
WRITE 129280: total=147188 verified=129536 pending=0
WRITE 129536: total=147188 verified=129792 pending=0
WRITE 129792: total=147188 verified=130048 pending=0
WRITE 130048: total=147188 verified=130304 pending=0
WRITE 130304: total=147188 verified=130560 pending=0
WRITE 130560: total=147188 verified=130816 pending=0
WRITE 130816: total=147188 verified=131072 pending=0
PROGRESS 131072/147188
WRITE 131072: total=147188 verified=131328 pending=0
WRITE 131328: total=147188 verified=131584 pending=0
WRITE 131584: total=147188 verified=131840 pending=0
WRITE 131840: total=147188 verified=132096 pending=0
WRITE 132096: total=147188 verified=132352 pending=0
WRITE 132352: total=147188 verified=132608 pending=0
WRITE 132608: total=147188 verified=132864 pending=0
WRITE 132864: total=147188 verified=133120 pending=0
WRITE 133120: total=147188 verified=133376 pending=0
WRITE 133376: total=147188 verified=133632 pending=0
WRITE 133632: total=147188 verified=133888 pending=0
WRITE 133888: total=147188 verified=134144 pending=0
WRITE 134144: total=147188 verified=134400 pending=0
WRITE 134400: total=147188 verified=134656 pending=0
WRITE 134656: total=147188 verified=134912 pending=0
WRITE 134912: total=147188 verified=135168 pending=0
PROGRESS 135168/147188
WRITE 135168: total=147188 verified=135424 pending=0
WRITE 135424: total=147188 verified=135680 pending=0
WRITE 135680: total=147188 verified=135936 pending=0
WRITE 135936: total=147188 verified=136192 pending=0
WRITE 136192: total=147188 verified=136448 pending=0
WRITE 136448: total=147188 verified=136704 pending=0
WRITE 136704: total=147188 verified=136960 pending=0
WRITE 136960: total=147188 verified=137216 pending=0
WRITE 137216: total=147188 verified=137472 pending=0
WRITE 137472: total=147188 verified=137728 pending=0
WRITE 137728: total=147188 verified=137984 pending=0
WRITE 137984: total=147188 verified=138240 pending=0
WRITE 138240: total=147188 verified=138496 pending=0
WRITE 138496: total=147188 verified=138752 pending=0
WRITE 138752: total=147188 verified=139008 pending=0
WRITE 139008: total=147188 verified=139264 pending=0
PROGRESS 139264/147188
WRITE 139264: total=147188 verified=139520 pending=0
WRITE 139520: total=147188 verified=139776 pending=0
WRITE 139776: total=147188 verified=140032 pending=0
WRITE 140032: total=147188 verified=140288 pending=0
WRITE 140288: total=147188 verified=140544 pending=0
WRITE 140544: total=147188 verified=140800 pending=0
WRITE 140800: total=147188 verified=141056 pending=0
WRITE 141056: total=147188 verified=141312 pending=0
WRITE 141312: total=147188 verified=141568 pending=0
WRITE 141568: total=147188 verified=141824 pending=0
WRITE 141824: total=147188 verified=142080 pending=0
WRITE 142080: total=147188 verified=142336 pending=0
WRITE 142336: total=147188 verified=142592 pending=0
WRITE 142592: total=147188 verified=142848 pending=0
WRITE 142848: total=147188 verified=143104 pending=0
WRITE 143104: total=147188 verified=143360 pending=0
PROGRESS 143360/147188
WRITE 143360: total=147188 verified=143616 pending=0
WRITE 143616: total=147188 verified=143872 pending=0
WRITE 143872: total=147188 verified=144128 pending=0
WRITE 144128: total=147188 verified=144384 pending=0
WRITE 144384: total=147188 verified=144640 pending=0
WRITE 144640: total=147188 verified=144896 pending=0
WRITE 144896: total=147188 verified=145152 pending=0
WRITE 145152: total=147188 verified=145408 pending=0
WRITE 145408: total=147188 verified=145664 pending=0
WRITE 145664: total=147188 verified=145920 pending=0
WRITE 145920: total=147188 verified=146176 pending=0
WRITE 146176: total=147188 verified=146432 pending=0
WRITE 146432: total=147188 verified=146688 pending=0
WRITE 146688: total=147188 verified=146944 pending=0
WRITE 146944: total=147188 verified=147188 pending=0
PROGRESS 147188/147188
Traceback (most recent call last):
  File "<stdin>", line 60, in <module>
  File "<stdin>", line 29, in request
RuntimeError: device error code=5 request=0x0103
