      -------------------------------------------------------------------
                       STM32CubeProgrammer v2.19.0                  
      -------------------------------------------------------------------

ST-LINK SN  : DEVICE_SERIAL_REDACTED__
ST-LINK FW  : V2J46S7
Board       : --
Voltage     : 3.23V
SWD freq    : 4000 KHz
Connect mode: Normal
Reset mode  : Software reset
Device ID   : 0x450
Revision ID : Rev V
Device name : STM32H7xx
Flash size  : 2 MBytes
Device type : MCU
Device CPU  : Cortex-M7
BL Version  : 0x92


RUNNING Program ... 
  Address:      : 0x80240D5
Application is running, Please Hold on...
Start operation achieved successfully
