      -------------------------------------------------------------------
                       STM32CubeProgrammer v2.19.0
      -------------------------------------------------------------------

ST-LINK SN  : DEVICE_SERIAL_REDACTED__
ST-LINK FW  : V2J46S7
Board       : --
Voltage     : 3.23V
SWD freq    : 4000 KHz
Connect mode: Hot Plug
Reset mode  : Software reset
Device ID   : 0x450
Revision ID : Rev V
Device name : STM32H7xx
Flash size  : 2 MBytes
Device type : MCU
Device CPU  : Cortex-M7
BL Version  : 0x92


Reading 32-bit memory content
  Size          : 232 Bytes
  Address:      : 0x24000FC8

0x24000FC8 : 00000001 00000002 00000032 00000002
0x24000FD8 : 00000000 24000961 24000000 21000200
0x24000FE8 : 24000001 00000000 00000000 00000000
0x24000FF8 : 00000000 00000000 00000000 00000000
0x24001008 : 00000000 00000000 00000000 00000000
0x24001018 : 00000000 00000000 5453544F 00300001
0x24001028 : 00000003 00000004 00000001 00000000
0x24001038 : 00000000 00000000 00000000 00000000
0x24001048 : B94F5A9E 5A3CC3A5 FFFFFFFF FFFFFFFF
0x24001058 : FFFFFFFF FFFFFFFF 00000000 00000000
0x24001068 : 00000000 00000000 00000000 00000000
0x24001078 : 00000000 00000000 00000000 00000000
0x24001088 : 00000000 00000000 00000000 00000000
0x24001098 : 00000000 00000000 00000000 00000000
0x240010A8 : 00000000 00000000
