      -------------------------------------------------------------------
                       STM32CubeProgrammer v2.19.0
      -------------------------------------------------------------------

ST-LINK SN  : DEVICE_SERIAL_REDACTED__
ST-LINK FW  : V2J46S7
Board       : --
Voltage     : 3.23V
SWD freq    : 4000 KHz
Connect mode: Hot Plug
Reset mode  : Software reset
Device ID   : 0x450
Revision ID : Rev V
Device name : STM32H7xx
Flash size  : 2 MBytes
Device type : MCU
Device CPU  : Cortex-M7
BL Version  : 0x92


Reading 32-bit memory content
  Size          : 12 Bytes
  Address:      : 0x081C0000

0x081C0000 : 5453544F 00300001 00000000



Reading 32-bit memory content
  Size          : 12 Bytes
  Address:      : 0x081E0000

0x081E0000 : FFFFFFFF FFFFFFFF FFFFFFFF


trial_record_hex= 4f545354010030000100000003000000000000000000000000000000000000000000000000000000ffc1a604a5c33c5a
trial_record_words= 5453544F 00300001 00000001 00000003 00000000 00000000 00000000 00000000 00000000 00000000 04A6C1FF 5A3CC3A5
